Archive member included to satisfy reference by file (symbol)

/usr/lib/gcc/arm-none-eabi/10.3.1/thumb/v6-m/nofp/libgcc.a(_dvmd_tls.o)
                              CMakeFiles/LCR_meter.dir/home/schuyler/pico/pico-sdk/src/rp2_common/pico_divider/divider.S.obj (__aeabi_idiv0)
/usr/lib/gcc/arm-none-eabi/10.3.1/../../../arm-none-eabi/lib/thumb/v6-m/nofp/libc.a(lib_a-atexit.o)
                              /usr/lib/gcc/arm-none-eabi/10.3.1/../../../arm-none-eabi/lib/thumb/v6-m/nofp/crt0.o (atexit)
/usr/lib/gcc/arm-none-eabi/10.3.1/../../../arm-none-eabi/lib/thumb/v6-m/nofp/libc.a(lib_a-calloc.o)
                              CMakeFiles/LCR_meter.dir/home/schuyler/pico/pico-sdk/src/rp2_common/pico_malloc/pico_malloc.c.obj (calloc)
/usr/lib/gcc/arm-none-eabi/10.3.1/../../../arm-none-eabi/lib/thumb/v6-m/nofp/libc.a(lib_a-callocr.o)
                              /usr/lib/gcc/arm-none-eabi/10.3.1/../../../arm-none-eabi/lib/thumb/v6-m/nofp/libc.a(lib_a-calloc.o) (_calloc_r)
/usr/lib/gcc/arm-none-eabi/10.3.1/../../../arm-none-eabi/lib/thumb/v6-m/nofp/libc.a(lib_a-fini.o)
                              /usr/lib/gcc/arm-none-eabi/10.3.1/../../../arm-none-eabi/lib/thumb/v6-m/nofp/crt0.o (__libc_fini_array)
/usr/lib/gcc/arm-none-eabi/10.3.1/../../../arm-none-eabi/lib/thumb/v6-m/nofp/libc.a(lib_a-impure.o)
                              /usr/lib/gcc/arm-none-eabi/10.3.1/../../../arm-none-eabi/lib/thumb/v6-m/nofp/libc.a(lib_a-calloc.o) (_impure_ptr)
/usr/lib/gcc/arm-none-eabi/10.3.1/../../../arm-none-eabi/lib/thumb/v6-m/nofp/libc.a(lib_a-init.o)
                              /usr/lib/gcc/arm-none-eabi/10.3.1/../../../arm-none-eabi/lib/thumb/v6-m/nofp/crt0.o (__libc_init_array)
/usr/lib/gcc/arm-none-eabi/10.3.1/../../../arm-none-eabi/lib/thumb/v6-m/nofp/libc.a(lib_a-malloc.o)
                              CMakeFiles/LCR_meter.dir/home/schuyler/pico/pico-sdk/src/rp2_common/pico_malloc/pico_malloc.c.obj (malloc)
/usr/lib/gcc/arm-none-eabi/10.3.1/../../../arm-none-eabi/lib/thumb/v6-m/nofp/libc.a(lib_a-mallocr.o)
                              /usr/lib/gcc/arm-none-eabi/10.3.1/../../../arm-none-eabi/lib/thumb/v6-m/nofp/libc.a(lib_a-callocr.o) (_malloc_r)
/usr/lib/gcc/arm-none-eabi/10.3.1/../../../arm-none-eabi/lib/thumb/v6-m/nofp/libc.a(lib_a-mlock.o)
                              /usr/lib/gcc/arm-none-eabi/10.3.1/../../../arm-none-eabi/lib/thumb/v6-m/nofp/libc.a(lib_a-mallocr.o) (__malloc_lock)
/usr/lib/gcc/arm-none-eabi/10.3.1/../../../arm-none-eabi/lib/thumb/v6-m/nofp/libc.a(lib_a-realloc.o)
                              CMakeFiles/LCR_meter.dir/home/schuyler/pico/pico-sdk/src/rp2_common/pico_malloc/pico_malloc.c.obj (realloc)
/usr/lib/gcc/arm-none-eabi/10.3.1/../../../arm-none-eabi/lib/thumb/v6-m/nofp/libc.a(lib_a-reallocr.o)
                              /usr/lib/gcc/arm-none-eabi/10.3.1/../../../arm-none-eabi/lib/thumb/v6-m/nofp/libc.a(lib_a-realloc.o) (_realloc_r)
/usr/lib/gcc/arm-none-eabi/10.3.1/../../../arm-none-eabi/lib/thumb/v6-m/nofp/libc.a(lib_a-sbrkr.o)
                              /usr/lib/gcc/arm-none-eabi/10.3.1/../../../arm-none-eabi/lib/thumb/v6-m/nofp/libc.a(lib_a-mallocr.o) (_sbrk_r)
/usr/lib/gcc/arm-none-eabi/10.3.1/../../../arm-none-eabi/lib/thumb/v6-m/nofp/libc.a(lib_a-strlen-stub.o)
                              CMakeFiles/LCR_meter.dir/home/schuyler/pico/pico-sdk/src/rp2_common/pico_stdio/stdio.c.obj (strlen)
/usr/lib/gcc/arm-none-eabi/10.3.1/../../../arm-none-eabi/lib/thumb/v6-m/nofp/libc.a(lib_a-__atexit.o)
                              /usr/lib/gcc/arm-none-eabi/10.3.1/../../../arm-none-eabi/lib/thumb/v6-m/nofp/libc.a(lib_a-atexit.o) (__register_exitproc)
/usr/lib/gcc/arm-none-eabi/10.3.1/../../../arm-none-eabi/lib/thumb/v6-m/nofp/libc.a(lib_a-freer.o)
                              /usr/lib/gcc/arm-none-eabi/10.3.1/../../../arm-none-eabi/lib/thumb/v6-m/nofp/libc.a(lib_a-malloc.o) (_free_r)
/usr/lib/gcc/arm-none-eabi/10.3.1/../../../arm-none-eabi/lib/thumb/v6-m/nofp/libc.a(lib_a-memmove.o)
                              /usr/lib/gcc/arm-none-eabi/10.3.1/../../../arm-none-eabi/lib/thumb/v6-m/nofp/libc.a(lib_a-reallocr.o) (memmove)
/usr/lib/gcc/arm-none-eabi/10.3.1/../../../arm-none-eabi/lib/thumb/v6-m/nofp/libc.a(lib_a-reent.o)
                              /usr/lib/gcc/arm-none-eabi/10.3.1/../../../arm-none-eabi/lib/thumb/v6-m/nofp/libc.a(lib_a-sbrkr.o) (errno)

Discarded input sections

 .text          0x0000000000000000        0x0 /usr/lib/gcc/arm-none-eabi/10.3.1/thumb/v6-m/nofp/crti.o
 .data          0x0000000000000000        0x0 /usr/lib/gcc/arm-none-eabi/10.3.1/thumb/v6-m/nofp/crti.o
 .bss           0x0000000000000000        0x0 /usr/lib/gcc/arm-none-eabi/10.3.1/thumb/v6-m/nofp/crti.o
 .data          0x0000000000000000        0x4 /usr/lib/gcc/arm-none-eabi/10.3.1/thumb/v6-m/nofp/crtbegin.o
 .rodata        0x0000000000000000       0x24 /usr/lib/gcc/arm-none-eabi/10.3.1/thumb/v6-m/nofp/crtbegin.o
[...]
Memory Configuration

Name             Origin             Length             Attributes
FLASH            0x0000000010000000 0x0000000000200000 xr
RAM              0x0000000020000000 0x0000000000040000 xrw
SCRATCH_X        0x0000000020040000 0x0000000000001000 xrw
SCRATCH_Y        0x0000000020041000 0x0000000000001000 xrw
*default*        0x0000000000000000 0xffffffffffffffff

Linker script and memory map

LOAD /usr/lib/gcc/arm-none-eabi/10.3.1/thumb/v6-m/nofp/crti.o
LOAD /usr/lib/gcc/arm-none-eabi/10.3.1/thumb/v6-m/nofp/crtbegin.o
LOAD /usr/lib/gcc/arm-none-eabi/10.3.1/../../../arm-none-eabi/lib/thumb/v6-m/nofp/crt0.o

.flash_begin    0x0000000010000000        0x0
                0x0000000010000000                __flash_binary_start = .

.boot2          0x0000000010000000      0x100
                0x0000000010000000                __boot2_start__ = .
 *(.boot2)
 .boot2         0x0000000010000000      0x100 /tmp/cc1GQOlV.o
                0x0000000010000100                __boot2_end__ = .
                0x0000000000000001                ASSERT (((__boot2_end__ - __boot2_start__) == 0x100), ERROR: Pico second stage bootloader must be 256 bytes in size)

.text           0x0000000010000100     0x68b0
                0x0000000010000100                __logical_binary_start = .
 *(.vectors)
 .vectors       0x0000000010000100       0xd4 CMakeFiles/LCR_meter.dir/home/schuyler/pico/pico-sdk/src/rp2_common/pico_standard_link/crt0.S.obj
                0x0000000010000100                __vectors
                0x0000000010000100                __VECTOR_TABLE
                0x00000000100001c0                isr_invalid
                0x00000000100001c0                __default_isrs_start
                0x00000000100001c2                isr_nmi
                0x00000000100001c4                isr_hardfault
                0x00000000100001c6                isr_svcall
                0x00000000100001c8                isr_pendsv
                0x00000000100001ca                isr_systick
                0x00000000100001cc                isr_irq30
                0x00000000100001cc                __unhandled_user_irq
                0x00000000100001cc                isr_irq13
                0x00000000100001cc                isr_irq27
                0x00000000100001cc                isr_irq31
                0x00000000100001cc                isr_irq5
                0x00000000100001cc                isr_irq11
                0x00000000100001cc                isr_irq23
                0x00000000100001cc                isr_irq18
                0x00000000100001cc                isr_irq28
                0x00000000100001cc                isr_irq19
                0x00000000100001cc                isr_irq0
                0x00000000100001cc                isr_irq6
                0x00000000100001cc                isr_irq22
                0x00000000100001cc                isr_irq17
                0x00000000100001cc                isr_irq14
                0x00000000100001cc                isr_irq2
                0x00000000100001cc                isr_irq10
                0x00000000100001cc                isr_irq8
                0x00000000100001cc                isr_irq24
                0x00000000100001cc                isr_irq1
                0x00000000100001cc                isr_irq7
                0x00000000100001cc                isr_irq21
                0x00000000100001cc                isr_irq20
                0x00000000100001cc                isr_irq15
                0x00000000100001cc                isr_irq25
                0x00000000100001cc                isr_irq4
                0x00000000100001cc                isr_irq16
                0x00000000100001cc                isr_irq29
                0x00000000100001cc                isr_irq26
                0x00000000100001cc                __default_isrs_end
                0x00000000100001cc                isr_irq3
                0x00000000100001cc                isr_irq12
                0x00000000100001cc                isr_irq9
                0x00000000100001d2                unhandled_user_irq_num_in_r0
 *(.binary_info_header)
 .binary_info_header
                0x00000000100001d4       0x14 CMakeFiles/LCR_meter.dir/home/schuyler/pico/pico-sdk/src/rp2_common/pico_standard_link/crt0.S.obj
                0x00000000100001e8                __binary_info_header_end = .
 *(.reset)
 .reset         0x00000000100001e8       0xa0 CMakeFiles/LCR_meter.dir/home/schuyler/pico/pico-sdk/src/rp2_common/pico_standard_link/crt0.S.obj
                0x00000000100001e8                _entry_point
 .reset         0x0000000010000288       0x30 CMakeFiles/LCR_meter.dir/home/schuyler/pico/pico-sdk/src/rp2_common/pico_standard_link/binary_info.c.obj
 *(.init)
 .init          0x00000000100002b8        0x4 /usr/lib/gcc/arm-none-eabi/10.3.1/thumb/v6-m/nofp/crti.o
                0x00000000100002b8                _init
 *(EXCLUDE_FILE(*libm.a: *libc.a:*lib_a-mem*.o *libgcc.a:) .text*)
 .text          0x00000000100002bc       0x98 /usr/lib/gcc/arm-none-eabi/10.3.1/thumb/v6-m/nofp/crtbegin.o
 .text.setup_GPIO
                0x0000000010000354       0x40 CMakeFiles/LCR_meter.dir/main.c.obj
                0x0000000010000354                setup_GPIO
 .text.startup.main
                0x0000000010000394       0xc0 CMakeFiles/LCR_meter.dir/main.c.obj
                0x0000000010000394                main
 .text.gpio_set_function
                0x0000000010000454       0x30 CMakeFiles/LCR_meter.dir/home/schuyler/pico/pico-sdk/src/rp2_common/hardware_gpio/gpio.c.obj
                0x0000000010000454                gpio_set_function
 .text.gpio_set_pulls
                0x0000000010000484       0x30 CMakeFiles/LCR_meter.dir/home/schuyler/pico/pico-sdk/src/rp2_common/hardware_gpio/gpio.c.obj
                0x0000000010000484                gpio_set_pulls
 .text.gpio_set_input_enabled
                0x00000000100004b4       0x28 CMakeFiles/LCR_meter.dir/home/schuyler/pico/pico-sdk/src/rp2_common/hardware_gpio/gpio.c.obj
                0x00000000100004b4                gpio_set_input_enabled
 .text.gpio_init
                0x00000000100004dc       0x3c CMakeFiles/LCR_meter.dir/home/schuyler/pico/pico-sdk/src/rp2_common/hardware_gpio/gpio.c.obj
                0x00000000100004dc                gpio_init
 .text.running_on_fpga
                0x0000000010000518       0x10 CMakeFiles/LCR_meter.dir/home/schuyler/pico/pico-sdk/src/rp2_common/pico_platform/platform.c.obj
                0x0000000010000518                running_on_fpga
 .text.rp2040_chip_version
                0x0000000010000528        0xc CMakeFiles/LCR_meter.dir/home/schuyler/pico/pico-sdk/src/rp2_common/pico_platform/platform.c.obj
                0x0000000010000528                rp2040_chip_version
 .text.hw_claim_or_assert
                0x0000000010000534       0x44 CMakeFiles/LCR_meter.dir/home/schuyler/pico/pico-sdk/src/rp2_common/hardware_claim/claim.c.obj
                0x0000000010000534                hw_claim_or_assert
 .text.hw_claim_unused_from_range
                0x0000000010000578       0x9c CMakeFiles/LCR_meter.dir/home/schuyler/pico/pico-sdk/src/rp2_common/hardware_claim/claim.c.obj
                0x0000000010000578                hw_claim_unused_from_range
 .text.spin_locks_reset
                0x0000000010000614       0x1c CMakeFiles/LCR_meter.dir/home/schuyler/pico/pico-sdk/src/rp2_common/hardware_sync/sync.c.obj
                0x0000000010000614                spin_locks_reset
 .text.next_striped_spin_lock_num
                0x0000000010000630       0x18 CMakeFiles/LCR_meter.dir/home/schuyler/pico/pico-sdk/src/rp2_common/hardware_sync/sync.c.obj
                0x0000000010000630                next_striped_spin_lock_num
 .text.spin_lock_claim_unused
                0x0000000010000648       0x20 CMakeFiles/LCR_meter.dir/home/schuyler/pico/pico-sdk/src/rp2_common/hardware_sync/sync.c.obj
                0x0000000010000648                spin_lock_claim_unused
 .text.irq_set_enabled
                0x0000000010000668       0x24 CMakeFiles/LCR_meter.dir/home/schuyler/pico/pico-sdk/src/rp2_common/hardware_irq/irq.c.obj
                0x0000000010000668                irq_set_enabled
 .text.irq_set_pending
                0x000000001000068c       0x10 CMakeFiles/LCR_meter.dir/home/schuyler/pico/pico-sdk/src/rp2_common/hardware_irq/irq.c.obj
                0x000000001000068c                irq_set_pending
 .text.irq_has_shared_handler
                0x000000001000069c       0x2c CMakeFiles/LCR_meter.dir/home/schuyler/pico/pico-sdk/src/rp2_common/hardware_irq/irq.c.obj
                0x000000001000069c                irq_has_shared_handler
 .text.irq_get_vtable_handler
                0x00000000100006c8       0x10 CMakeFiles/LCR_meter.dir/home/schuyler/pico/pico-sdk/src/rp2_common/hardware_irq/irq.c.obj
                0x00000000100006c8                irq_get_vtable_handler
 .text.irq_set_exclusive_handler
                0x00000000100006d8       0x54 CMakeFiles/LCR_meter.dir/home/schuyler/pico/pico-sdk/src/rp2_common/hardware_irq/irq.c.obj
                0x00000000100006d8                irq_set_exclusive_handler
 .text.irq_add_shared_handler
                0x000000001000072c      0x1e8 CMakeFiles/LCR_meter.dir/home/schuyler/pico/pico-sdk/src/rp2_common/hardware_irq/irq.c.obj
                0x000000001000072c                irq_add_shared_handler
 .text.irq_remove_handler
                0x0000000010000914      0x1b0 CMakeFiles/LCR_meter.dir/home/schuyler/pico/pico-sdk/src/rp2_common/hardware_irq/irq.c.obj
                0x0000000010000914                irq_remove_handler
 .text.irq_add_tail_to_free_list
                0x0000000010000ac4       0xb4 CMakeFiles/LCR_meter.dir/home/schuyler/pico/pico-sdk/src/rp2_common/hardware_irq/irq.c.obj
                0x0000000010000ac4                irq_add_tail_to_free_list
 .text.irq_init_priorities
                0x0000000010000b78       0x24 CMakeFiles/LCR_meter.dir/home/schuyler/pico/pico-sdk/src/rp2_common/hardware_irq/irq.c.obj
                0x0000000010000b78                irq_init_priorities
 .text.user_irq_claim_unused
                0x0000000010000b9c       0x28 CMakeFiles/LCR_meter.dir/home/schuyler/pico/pico-sdk/src/rp2_common/hardware_irq/irq.c.obj
                0x0000000010000b9c                user_irq_claim_unused
 .text.lock_init
                0x0000000010000bc4       0x10 CMakeFiles/LCR_meter.dir/home/schuyler/pico/pico-sdk/src/common/pico_sync/lock_core.c.obj
                0x0000000010000bc4                lock_init
 .text.mutex_init
                0x0000000010000bd4       0x1c CMakeFiles/LCR_meter.dir/home/schuyler/pico/pico-sdk/src/common/pico_sync/mutex.c.obj
                0x0000000010000bd4                mutex_init
 .text.recursive_mutex_init
                0x0000000010000bf0       0x1c CMakeFiles/LCR_meter.dir/home/schuyler/pico/pico-sdk/src/common/pico_sync/mutex.c.obj
                0x0000000010000bf0                recursive_mutex_init
 .text.critical_section_init
                0x0000000010000c0c       0x20 CMakeFiles/LCR_meter.dir/home/schuyler/pico/pico-sdk/src/common/pico_sync/critical_section.c.obj
                0x0000000010000c0c                critical_section_init
 .text.critical_section_init_with_lock_num
                0x0000000010000c2c       0x14 CMakeFiles/LCR_meter.dir/home/schuyler/pico/pico-sdk/src/common/pico_sync/critical_section.c.obj
                0x0000000010000c2c                critical_section_init_with_lock_num
 .text.timer_pool_entry_comparator
                0x0000000010000c40       0x34 CMakeFiles/LCR_meter.dir/home/schuyler/pico/pico-sdk/src/common/pico_time/time.c.obj
                0x0000000010000c40                timer_pool_entry_comparator
 .text.sleep_until_callback
                0x0000000010000c74       0x30 CMakeFiles/LCR_meter.dir/home/schuyler/pico/pico-sdk/src/common/pico_time/time.c.obj
 .text.add_alarm_under_lock.isra.0
                0x0000000010000ca4      0x100 CMakeFiles/LCR_meter.dir/home/schuyler/pico/pico-sdk/src/common/pico_time/time.c.obj
 .text.alarm_pool_alarm_callback
                0x0000000010000da4      0x1bc CMakeFiles/LCR_meter.dir/home/schuyler/pico/pico-sdk/src/common/pico_time/time.c.obj
 .text.alarm_pool_init_default
                0x0000000010000f60       0x6c CMakeFiles/LCR_meter.dir/home/schuyler/pico/pico-sdk/src/common/pico_time/time.c.obj
                0x0000000010000f60                alarm_pool_init_default
 .text.alarm_pool_get_default
                0x0000000010000fcc        0x8 CMakeFiles/LCR_meter.dir/home/schuyler/pico/pico-sdk/src/common/pico_time/time.c.obj
                0x0000000010000fcc                alarm_pool_get_default
 .text.alarm_pool_add_alarm_at
                0x0000000010000fd4      0x178 CMakeFiles/LCR_meter.dir/home/schuyler/pico/pico-sdk/src/common/pico_time/time.c.obj
                0x0000000010000fd4                alarm_pool_add_alarm_at
 .text.alarm_pool_core_num
                0x000000001000114c        0x4 CMakeFiles/LCR_meter.dir/home/schuyler/pico/pico-sdk/src/common/pico_time/time.c.obj
                0x000000001000114c                alarm_pool_core_num
 .text.best_effort_wfe_or_timeout
                0x0000000010001150       0xd4 CMakeFiles/LCR_meter.dir/home/schuyler/pico/pico-sdk/src/common/pico_time/time.c.obj
                0x0000000010001150                best_effort_wfe_or_timeout
 .text.hardware_alarm_irq_handler
                0x0000000010001224       0xbc CMakeFiles/LCR_meter.dir/home/schuyler/pico/pico-sdk/src/rp2_common/hardware_timer/timer.c.obj
 .text.hardware_alarm_claim
                0x00000000100012e0       0x18 CMakeFiles/LCR_meter.dir/home/schuyler/pico/pico-sdk/src/rp2_common/hardware_timer/timer.c.obj
                0x00000000100012e0                hardware_alarm_claim
 .text.time_us_64
                0x00000000100012f8       0x14 CMakeFiles/LCR_meter.dir/home/schuyler/pico/pico-sdk/src/rp2_common/hardware_timer/timer.c.obj
                0x00000000100012f8                time_us_64
 .text.hardware_alarm_set_callback
                0x000000001000130c       0x8c CMakeFiles/LCR_meter.dir/home/schuyler/pico/pico-sdk/src/rp2_common/hardware_timer/timer.c.obj
                0x000000001000130c                hardware_alarm_set_callback
 .text.hardware_alarm_set_target
                0x0000000010001398       0xd4 CMakeFiles/LCR_meter.dir/home/schuyler/pico/pico-sdk/src/rp2_common/hardware_timer/timer.c.obj
                0x0000000010001398                hardware_alarm_set_target
 .text.hardware_alarm_cancel
                0x000000001000146c       0x3c CMakeFiles/LCR_meter.dir/home/schuyler/pico/pico-sdk/src/rp2_common/hardware_timer/timer.c.obj
                0x000000001000146c                hardware_alarm_cancel
 .text.ph_merge_nodes
                0x00000000100014a8       0x68 CMakeFiles/LCR_meter.dir/home/schuyler/pico/pico-sdk/src/common/pico_util/pheap.c.obj
 .text.ph_post_alloc_init
                0x0000000010001510       0x3c CMakeFiles/LCR_meter.dir/home/schuyler/pico/pico-sdk/src/common/pico_util/pheap.c.obj
                0x0000000010001510                ph_post_alloc_init
 .text.ph_merge_two_pass
                0x000000001000154c       0x90 CMakeFiles/LCR_meter.dir/home/schuyler/pico/pico-sdk/src/common/pico_util/pheap.c.obj
                0x000000001000154c                ph_merge_two_pass
 .text.ph_remove_any_head
                0x00000000100015dc      0x100 CMakeFiles/LCR_meter.dir/home/schuyler/pico/pico-sdk/src/common/pico_util/pheap.c.obj
 .text.ph_remove_head
                0x00000000100016dc      0x104 CMakeFiles/LCR_meter.dir/home/schuyler/pico/pico-sdk/src/common/pico_util/pheap.c.obj
                0x00000000100016dc                ph_remove_head
 .text.ph_remove_and_free_node
                0x00000000100017e0       0x7c CMakeFiles/LCR_meter.dir/home/schuyler/pico/pico-sdk/src/common/pico_util/pheap.c.obj
                0x00000000100017e0                ph_remove_and_free_node
 .text.clocks_init
                0x000000001000185c      0x2d0 CMakeFiles/LCR_meter.dir/home/schuyler/pico/pico-sdk/src/rp2_common/hardware_clocks/clocks.c.obj
                0x000000001000185c                clocks_init
 .text.pll_init
                0x0000000010001b2c       0xa0 CMakeFiles/LCR_meter.dir/home/schuyler/pico/pico-sdk/src/rp2_common/hardware_pll/pll.c.obj
                0x0000000010001b2c                pll_init
 .text.watchdog_start_tick
                0x0000000010001bcc       0x10 CMakeFiles/LCR_meter.dir/home/schuyler/pico/pico-sdk/src/rp2_common/hardware_watchdog/watchdog.c.obj
                0x0000000010001bcc                watchdog_start_tick
 .text.watchdog_reboot
                0x0000000010001bdc       0x98 CMakeFiles/LCR_meter.dir/home/schuyler/pico/pico-sdk/src/rp2_common/hardware_watchdog/watchdog.c.obj
                0x0000000010001bdc                watchdog_reboot
 .text.xosc_init
                0x0000000010001c74       0x28 CMakeFiles/LCR_meter.dir/home/schuyler/pico/pico-sdk/src/rp2_common/hardware_xosc/xosc.c.obj
                0x0000000010001c74                xosc_init
 .text.runtime_init
                0x0000000010001c9c       0xf0 CMakeFiles/LCR_meter.dir/home/schuyler/pico/pico-sdk/src/rp2_common/pico_runtime/runtime.c.obj
                0x0000000010001c9c                runtime_init
 .text._exit    0x0000000010001d8c        0x4 CMakeFiles/LCR_meter.dir/home/schuyler/pico/pico-sdk/src/rp2_common/pico_runtime/runtime.c.obj
                0x0000000010001d8c                _exit
 .text.exit     0x0000000010001d90        0x8 CMakeFiles/LCR_meter.dir/home/schuyler/pico/pico-sdk/src/rp2_common/pico_runtime/runtime.c.obj
                0x0000000010001d90                exit
 .text.panic    0x0000000010001d98       0x30 CMakeFiles/LCR_meter.dir/home/schuyler/pico/pico-sdk/src/rp2_common/pico_runtime/runtime.c.obj
                0x0000000010001d98                panic
 .text.hard_assertion_failure
                0x0000000010001dc8        0xc CMakeFiles/LCR_meter.dir/home/schuyler/pico/pico-sdk/src/rp2_common/pico_runtime/runtime.c.obj
                0x0000000010001dc8                hard_assertion_failure
 .text._out_null
                0x0000000010001dd4        0x4 CMakeFiles/LCR_meter.dir/home/schuyler/pico/pico-sdk/src/rp2_common/pico_printf/printf.c.obj
 .text._out_rev
                0x0000000010001dd8       0x9c CMakeFiles/LCR_meter.dir/home/schuyler/pico/pico-sdk/src/rp2_common/pico_printf/printf.c.obj
 .text._ntoa_format
                0x0000000010001e74      0x1cc CMakeFiles/LCR_meter.dir/home/schuyler/pico/pico-sdk/src/rp2_common/pico_printf/printf.c.obj
 .text._out_char
                0x0000000010002040       0x10 CMakeFiles/LCR_meter.dir/home/schuyler/pico/pico-sdk/src/rp2_common/pico_printf/printf.c.obj
 .text._out_fct
                0x0000000010002050       0x10 CMakeFiles/LCR_meter.dir/home/schuyler/pico/pico-sdk/src/rp2_common/pico_printf/printf.c.obj
 .text._etoa    0x0000000010002060      0x44c CMakeFiles/LCR_meter.dir/home/schuyler/pico/pico-sdk/src/rp2_common/pico_printf/printf.c.obj
 .text._ftoa    0x00000000100024ac      0x398 CMakeFiles/LCR_meter.dir/home/schuyler/pico/pico-sdk/src/rp2_common/pico_printf/printf.c.obj
 .text._vsnprintf
                0x0000000010002844      0xb04 CMakeFiles/LCR_meter.dir/home/schuyler/pico/pico-sdk/src/rp2_common/pico_printf/printf.c.obj
 .text.vfctprintf
                0x0000000010003348       0x20 CMakeFiles/LCR_meter.dir/home/schuyler/pico/pico-sdk/src/rp2_common/pico_printf/printf.c.obj
                0x0000000010003348                vfctprintf
 .text.weak_raw_vprintf
                0x0000000010003368       0x30 CMakeFiles/LCR_meter.dir/home/schuyler/pico/pico-sdk/src/rp2_common/pico_printf/printf.c.obj
                0x0000000010003368                weak_raw_vprintf
 .text          0x0000000010003398       0x10 CMakeFiles/LCR_meter.dir/home/schuyler/pico/pico-sdk/src/rp2_common/pico_bit_ops/bit_ops_aeabi.S.obj
 .text.rom_func_lookup
                0x00000000100033a8       0x10 CMakeFiles/LCR_meter.dir/home/schuyler/pico/pico-sdk/src/rp2_common/pico_bootrom/bootrom.c.obj
                0x00000000100033a8                rom_func_lookup
 .text.rom_data_lookup
                0x00000000100033b8       0x10 CMakeFiles/LCR_meter.dir/home/schuyler/pico/pico-sdk/src/rp2_common/pico_bootrom/bootrom.c.obj
                0x00000000100033b8                rom_data_lookup
 .text.rom_funcs_lookup
                0x00000000100033c8       0x44 CMakeFiles/LCR_meter.dir/home/schuyler/pico/pico-sdk/src/rp2_common/pico_bootrom/bootrom.c.obj
                0x00000000100033c8                rom_funcs_lookup
 .text.__wrap___aeabi_idiv
                0x000000001000340c       0x50 CMakeFiles/LCR_meter.dir/home/schuyler/pico/pico-sdk/src/rp2_common/pico_divider/divider.S.obj
                0x000000001000340c                __wrap___aeabi_idivmod
                0x000000001000340c                divmod_s32s32
                0x000000001000340c                div_s32s32
                0x000000001000340c                __wrap___aeabi_idiv
                0x0000000010003414                divmod_s32s32_unsafe
                0x0000000010003440                divmod_s32s32_savestate
 .text.__wrap___aeabi_uidiv
                0x000000001000345c       0x4c CMakeFiles/LCR_meter.dir/home/schuyler/pico/pico-sdk/src/rp2_common/pico_divider/divider.S.obj
                0x000000001000345c                __wrap___aeabi_uidiv
                0x000000001000345c                __wrap___aeabi_uidivmod
                0x000000001000345c                div_u32u32
                0x000000001000345c                divmod_u32u32
                0x0000000010003464                divmod_u32u32_unsafe
                0x000000001000348c                divmod_u32u32_savestate
 .text.__wrap___aeabi_ldiv
                0x00000000100034a8      0x424 CMakeFiles/LCR_meter.dir/home/schuyler/pico/pico-sdk/src/rp2_common/pico_divider/divider.S.obj
                0x00000000100034a8                div_s64s64
                0x00000000100034a8                divmod_s64s64
                0x00000000100034a8                __wrap___aeabi_ldivmod
                0x00000000100034d8                div_u64u64
                0x00000000100034d8                divmod_u64u64
                0x00000000100034d8                __wrap___aeabi_uldivmod
                0x00000000100034e8                divmod_u64u64_savestate
                0x0000000010003508                divmod_s64s64_unsafe
                0x0000000010003590                divmod_u64u64_unsafe
 .text.__wrap___aeabi_darithmetic
                0x00000000100038cc       0x80 CMakeFiles/LCR_meter.dir/home/schuyler/pico/pico-sdk/src/rp2_common/pico_double/double_aeabi.S.obj
                0x00000000100038cc                __wrap___aeabi_drsub
                0x00000000100038d2                __wrap___aeabi_dsub
                0x00000000100038e4                __wrap___aeabi_dadd
                0x00000000100038f6                __wrap___aeabi_ddiv
                0x0000000010003932                __wrap___aeabi_dmul
 .text.__wrap___aeabi_cdcmple
                0x000000001000394c       0x6c CMakeFiles/LCR_meter.dir/home/schuyler/pico/pico-sdk/src/rp2_common/pico_double/double_aeabi.S.obj
                0x000000001000394c                __wrap___aeabi_cdrcmple
                0x000000001000395c                __wrap___aeabi_cdcmple
                0x000000001000395c                __wrap___aeabi_cdcmpeq
 .text.__wrap___aeabi_dcmplt
                0x00000000100039b8        0xc CMakeFiles/LCR_meter.dir/home/schuyler/pico/pico-sdk/src/rp2_common/pico_double/double_aeabi.S.obj
                0x00000000100039b8                __wrap___aeabi_dcmplt
 .text.__wrap___aeabi_dcmple
                0x00000000100039c4       0x10 CMakeFiles/LCR_meter.dir/home/schuyler/pico/pico-sdk/src/rp2_common/pico_double/double_aeabi.S.obj
                0x00000000100039c4                __wrap___aeabi_dcmple
 .text.__wrap___aeabi_dcmpge
                0x00000000100039d4       0x10 CMakeFiles/LCR_meter.dir/home/schuyler/pico/pico-sdk/src/rp2_common/pico_double/double_aeabi.S.obj
                0x00000000100039d4                __wrap___aeabi_dcmpge
 .text.__wrap___aeabi_dcmpgt
                0x00000000100039e4        0xa CMakeFiles/LCR_meter.dir/home/schuyler/pico/pico-sdk/src/rp2_common/pico_double/double_aeabi.S.obj
                0x00000000100039e4                __wrap___aeabi_dcmpgt
 .text.__wrap___aeabi_dcmpun
                0x00000000100039ee       0x1c CMakeFiles/LCR_meter.dir/home/schuyler/pico/pico-sdk/src/rp2_common/pico_double/double_aeabi.S.obj
                0x00000000100039ee                __wrap___aeabi_dcmpun
 *fill*         0x0000000010003a0a        0x2 
 .text.__wrap___aeabi_i2d
                0x0000000010003a0c       0x38 CMakeFiles/LCR_meter.dir/home/schuyler/pico/pico-sdk/src/rp2_common/pico_double/double_aeabi.S.obj
                0x0000000010003a0c                __wrap___aeabi_ui2d
                0x0000000010003a14                __wrap___aeabi_i2d
 .text.__wrap___aeabi_d2iz
                0x0000000010003a44       0x48 CMakeFiles/LCR_meter.dir/home/schuyler/pico/pico-sdk/src/rp2_common/pico_double/double_aeabi.S.obj
                0x0000000010003a44                __wrap___aeabi_d2iz
                0x0000000010003a44                double2int_z
 .text.__wrap___aeabi_d2uiz
                0x0000000010003a8c       0x18 CMakeFiles/LCR_meter.dir/home/schuyler/pico/pico-sdk/src/rp2_common/pico_double/double_aeabi.S.obj
                0x0000000010003a8c                double2uint
                0x0000000010003a8c                __wrap___aeabi_d2uiz
 .text.__aeabi_double_init
                0x0000000010003aa4       0x94 CMakeFiles/LCR_meter.dir/home/schuyler/pico/pico-sdk/src/rp2_common/pico_double/double_init_rom.c.obj
                0x0000000010003aa4                __aeabi_double_init
 .text.double_table_shim_on_use_helper
                0x0000000010003b38       0x2c CMakeFiles/LCR_meter.dir/home/schuyler/pico/pico-sdk/src/rp2_common/pico_double/double_v1_rom_shim.S.obj
                0x0000000010003b38                double_table_shim_on_use_helper
 .text.__wrap___aeabi_dsub
                0x0000000010003b64       0x10 CMakeFiles/LCR_meter.dir/home/schuyler/pico/pico-sdk/src/rp2_common/pico_double/double_v1_rom_shim.S.obj
                0x0000000010003b64                drsub_shim
                0x0000000010003b6a                dsub_shim
 .text.dadd_shim
                0x0000000010003b74      0x15c CMakeFiles/LCR_meter.dir/home/schuyler/pico/pico-sdk/src/rp2_common/pico_double/double_v1_rom_shim.S.obj
                0x0000000010003b74                dadd_shim
 .text.dmul_shim
                0x0000000010003cd0      0x15c CMakeFiles/LCR_meter.dir/home/schuyler/pico/pico-sdk/src/rp2_common/pico_double/double_v1_rom_shim.S.obj
                0x0000000010003cd0                dmul_shim
 .text.ddiv_shim
                0x0000000010003e2c      0x1b0 CMakeFiles/LCR_meter.dir/home/schuyler/pico/pico-sdk/src/rp2_common/pico_double/double_v1_rom_shim.S.obj
                0x0000000010003e2c                ddiv_shim
 .text.double2uint_shim
                0x0000000010003fdc        0xe CMakeFiles/LCR_meter.dir/home/schuyler/pico/pico-sdk/src/rp2_common/pico_double/double_v1_rom_shim.S.obj
                0x0000000010003fdc                double2uint_shim
                0x0000000010003fde                double2ufix_shim
 *fill*         0x0000000010003fea        0x2 
 .text.double2uint64_shim
                0x0000000010003fec       0x70 CMakeFiles/LCR_meter.dir/home/schuyler/pico/pico-sdk/src/rp2_common/pico_double/double_v1_rom_shim.S.obj
                0x0000000010003fec                double2uint64_shim
                0x0000000010003fee                double2ufix64_shim
                0x000000001000400e                d2fix_a
 .text.dunpacks
                0x000000001000405c       0x3c CMakeFiles/LCR_meter.dir/home/schuyler/pico/pico-sdk/src/rp2_common/pico_double/double_v1_rom_shim.S.obj
                0x000000001000405c                dunpacks
 .text.__aeabi_lmul
                0x0000000010004098       0x32 CMakeFiles/LCR_meter.dir/home/schuyler/pico/pico-sdk/src/rp2_common/pico_int64_ops/pico_int64_ops_aeabi.S.obj
                0x0000000010004098                __wrap___aeabi_lmul
 *fill*         0x00000000100040ca        0x2 
 .text.__aeabi_float_init
                0x00000000100040cc       0x64 CMakeFiles/LCR_meter.dir/home/schuyler/pico/pico-sdk/src/rp2_common/pico_float/float_init_rom.c.obj
                0x00000000100040cc                __aeabi_float_init
 .text.float_table_shim_on_use_helper
                0x0000000010004130       0x2c CMakeFiles/LCR_meter.dir/home/schuyler/pico/pico-sdk/src/rp2_common/pico_float/float_v1_rom_shim.S.obj
                0x0000000010004130                float_table_shim_on_use_helper
 .text          0x000000001000415c       0x10 CMakeFiles/LCR_meter.dir/home/schuyler/pico/pico-sdk/src/rp2_common/pico_mem_ops/mem_ops_aeabi.S.obj
                0x000000001000415c                __aeabi_mem_init
 .text.memset   0x000000001000416c        0xc CMakeFiles/LCR_meter.dir/home/schuyler/pico/pico-sdk/src/rp2_common/pico_mem_ops/mem_ops_aeabi.S.obj
                0x000000001000416c                __wrap_memset
 .text.memcpy   0x0000000010004178        0xc CMakeFiles/LCR_meter.dir/home/schuyler/pico/pico-sdk/src/rp2_common/pico_mem_ops/mem_ops_aeabi.S.obj
                0x0000000010004178                __wrap___aeabi_memcpy
                0x0000000010004178                __wrap_memcpy
 .text.stdio_out_chars_no_crlf
                0x0000000010004184       0x10 CMakeFiles/LCR_meter.dir/home/schuyler/pico/pico-sdk/src/rp2_common/pico_stdio/stdio.c.obj
 .text.stdio_out_chars_crlf
                0x0000000010004194       0xb4 CMakeFiles/LCR_meter.dir/home/schuyler/pico/pico-sdk/src/rp2_common/pico_stdio/stdio.c.obj
 .text.stdio_buffered_printer
                0x0000000010004248       0x64 CMakeFiles/LCR_meter.dir/home/schuyler/pico/pico-sdk/src/rp2_common/pico_stdio/stdio.c.obj
 .text.stdio_put_string.isra.0
                0x00000000100042ac       0xfc CMakeFiles/LCR_meter.dir/home/schuyler/pico/pico-sdk/src/rp2_common/pico_stdio/stdio.c.obj
 .text.__wrap_putchar
                0x00000000100043a8       0x98 CMakeFiles/LCR_meter.dir/home/schuyler/pico/pico-sdk/src/rp2_common/pico_stdio/stdio.c.obj
                0x00000000100043a8                __wrap_putchar
 .text.__wrap_puts
                0x0000000010004440       0x3c CMakeFiles/LCR_meter.dir/home/schuyler/pico/pico-sdk/src/rp2_common/pico_stdio/stdio.c.obj
                0x0000000010004440                __wrap_puts
 .text.stdio_set_driver_enabled
                0x000000001000447c       0x30 CMakeFiles/LCR_meter.dir/home/schuyler/pico/pico-sdk/src/rp2_common/pico_stdio/stdio.c.obj
                0x000000001000447c                stdio_set_driver_enabled
 .text.__wrap_vprintf
                0x00000000100044ac       0xd8 CMakeFiles/LCR_meter.dir/home/schuyler/pico/pico-sdk/src/rp2_common/pico_stdio/stdio.c.obj
                0x00000000100044ac                __wrap_vprintf
 .text.__wrap_printf
                0x0000000010004584       0x18 CMakeFiles/LCR_meter.dir/home/schuyler/pico/pico-sdk/src/rp2_common/pico_stdio/stdio.c.obj
                0x0000000010004584                __wrap_printf
 .text.stdio_init_all
                0x000000001000459c        0x8 CMakeFiles/LCR_meter.dir/home/schuyler/pico/pico-sdk/src/rp2_common/pico_stdio/stdio.c.obj
                0x000000001000459c                stdio_init_all
 .text.resetd_init
                0x00000000100045a4        0x4 CMakeFiles/LCR_meter.dir/home/schuyler/pico/pico-sdk/src/rp2_common/pico_stdio_usb/reset_interface.c.obj
 .text.resetd_reset
                0x00000000100045a8        0xc CMakeFiles/LCR_meter.dir/home/schuyler/pico/pico-sdk/src/rp2_common/pico_stdio_usb/reset_interface.c.obj
 .text.resetd_open
                0x00000000100045b4       0x28 CMakeFiles/LCR_meter.dir/home/schuyler/pico/pico-sdk/src/rp2_common/pico_stdio_usb/reset_interface.c.obj
 .text.resetd_xfer_cb
                0x00000000100045dc        0x4 CMakeFiles/LCR_meter.dir/home/schuyler/pico/pico-sdk/src/rp2_common/pico_stdio_usb/reset_interface.c.obj
 .text.resetd_control_xfer_cb
                0x00000000100045e0       0x64 CMakeFiles/LCR_meter.dir/home/schuyler/pico/pico-sdk/src/rp2_common/pico_stdio_usb/reset_interface.c.obj
 .text.usbd_app_driver_get_cb
                0x0000000010004644        0xc CMakeFiles/LCR_meter.dir/home/schuyler/pico/pico-sdk/src/rp2_common/pico_stdio_usb/reset_interface.c.obj
                0x0000000010004644                usbd_app_driver_get_cb
 .text.tud_cdc_line_coding_cb
                0x0000000010004650       0x34 CMakeFiles/LCR_meter.dir/home/schuyler/pico/pico-sdk/src/rp2_common/pico_stdio_usb/reset_interface.c.obj
                0x0000000010004650                tud_cdc_line_coding_cb
 .text.stdio_usb_set_chars_available_callback
                0x0000000010004684       0x14 CMakeFiles/LCR_meter.dir/home/schuyler/pico/pico-sdk/src/rp2_common/pico_stdio_usb/stdio_usb.c.obj
                0x0000000010004684                stdio_usb_set_chars_available_callback
 .text.usb_irq  0x0000000010004698       0x10 CMakeFiles/LCR_meter.dir/home/schuyler/pico/pico-sdk/src/rp2_common/pico_stdio_usb/stdio_usb.c.obj
 .text.timer_task
                0x00000000100046a8       0x54 CMakeFiles/LCR_meter.dir/home/schuyler/pico/pico-sdk/src/rp2_common/pico_stdio_usb/stdio_usb.c.obj
 .text.stdio_usb_in_chars
                0x00000000100046fc       0x90 CMakeFiles/LCR_meter.dir/home/schuyler/pico/pico-sdk/src/rp2_common/pico_stdio_usb/stdio_usb.c.obj
                0x00000000100046fc                stdio_usb_in_chars
 .text.stdio_usb_out_chars
                0x000000001000478c      0x100 CMakeFiles/LCR_meter.dir/home/schuyler/pico/pico-sdk/src/rp2_common/pico_stdio_usb/stdio_usb.c.obj
 .text.low_priority_worker_irq
                0x000000001000488c       0xa8 CMakeFiles/LCR_meter.dir/home/schuyler/pico/pico-sdk/src/rp2_common/pico_stdio_usb/stdio_usb.c.obj
 .text.tud_cdc_rx_cb
                0x0000000010004934       0x20 CMakeFiles/LCR_meter.dir/home/schuyler/pico/pico-sdk/src/rp2_common/pico_stdio_usb/stdio_usb.c.obj
                0x0000000010004934                tud_cdc_rx_cb
 .text.stdio_usb_init
                0x0000000010004954       0xdc CMakeFiles/LCR_meter.dir/home/schuyler/pico/pico-sdk/src/rp2_common/pico_stdio_usb/stdio_usb.c.obj
                0x0000000010004954                stdio_usb_init
 .text.tud_descriptor_device_cb
                0x0000000010004a30        0x8 CMakeFiles/LCR_meter.dir/home/schuyler/pico/pico-sdk/src/rp2_common/pico_stdio_usb/stdio_usb_descriptors.c.obj
                0x0000000010004a30                tud_descriptor_device_cb
 .text.tud_descriptor_configuration_cb
                0x0000000010004a38        0x8 CMakeFiles/LCR_meter.dir/home/schuyler/pico/pico-sdk/src/rp2_common/pico_stdio_usb/stdio_usb_descriptors.c.obj
                0x0000000010004a38                tud_descriptor_configuration_cb
 .text.tud_descriptor_string_cb
                0x0000000010004a40       0x74 CMakeFiles/LCR_meter.dir/home/schuyler/pico/pico-sdk/src/rp2_common/pico_stdio_usb/stdio_usb_descriptors.c.obj
                0x0000000010004a40                tud_descriptor_string_cb
 .text.startup._retrieve_unique_id_on_boot
                0x0000000010004ab4       0x10 CMakeFiles/LCR_meter.dir/home/schuyler/pico/pico-sdk/src/rp2_common/pico_unique_id/unique_id.c.obj
 .text.pico_get_unique_board_id_string
                0x0000000010004ac4      0x1a8 CMakeFiles/LCR_meter.dir/home/schuyler/pico/pico-sdk/src/rp2_common/pico_unique_id/unique_id.c.obj
                0x0000000010004ac4                pico_get_unique_board_id_string
 .text.flash_get_unique_id
                0x0000000010004c6c       0x40 CMakeFiles/LCR_meter.dir/home/schuyler/pico/pico-sdk/src/rp2_common/hardware_flash/flash.c.obj
                0x0000000010004c6c                flash_get_unique_id
 .text.dcd_init
                0x0000000010004cac       0x8c CMakeFiles/LCR_meter.dir/home/schuyler/pico/pico-sdk/lib/tinyusb/src/portable/raspberrypi/rp2040/dcd_rp2040.c.obj
                0x0000000010004cac                dcd_init
 .text.dcd_int_enable
                0x0000000010004d38        0xc CMakeFiles/LCR_meter.dir/home/schuyler/pico/pico-sdk/lib/tinyusb/src/portable/raspberrypi/rp2040/dcd_rp2040.c.obj
                0x0000000010004d38                dcd_int_enable
 .text.dcd_set_address
                0x0000000010004d44       0x14 CMakeFiles/LCR_meter.dir/home/schuyler/pico/pico-sdk/lib/tinyusb/src/portable/raspberrypi/rp2040/dcd_rp2040.c.obj
                0x0000000010004d44                dcd_set_address
 .text.dcd_sof_enable
                0x0000000010004d58       0x1c CMakeFiles/LCR_meter.dir/home/schuyler/pico/pico-sdk/lib/tinyusb/src/portable/raspberrypi/rp2040/dcd_rp2040.c.obj
                0x0000000010004d58                dcd_sof_enable
 .text.dcd_edpt0_status_complete
                0x0000000010004d74       0x1c CMakeFiles/LCR_meter.dir/home/schuyler/pico/pico-sdk/lib/tinyusb/src/portable/raspberrypi/rp2040/dcd_rp2040.c.obj
                0x0000000010004d74                dcd_edpt0_status_complete
 .text.dcd_edpt_open
                0x0000000010004d90      0x108 CMakeFiles/LCR_meter.dir/home/schuyler/pico/pico-sdk/lib/tinyusb/src/portable/raspberrypi/rp2040/dcd_rp2040.c.obj
                0x0000000010004d90                dcd_edpt_open
 .text.dcd_edpt_close_all
                0x0000000010004e98        0x8 CMakeFiles/LCR_meter.dir/home/schuyler/pico/pico-sdk/lib/tinyusb/src/portable/raspberrypi/rp2040/dcd_rp2040.c.obj
                0x0000000010004e98                dcd_edpt_close_all
 .text.dcd_edpt_xfer
                0x0000000010004ea0       0x24 CMakeFiles/LCR_meter.dir/home/schuyler/pico/pico-sdk/lib/tinyusb/src/portable/raspberrypi/rp2040/dcd_rp2040.c.obj
                0x0000000010004ea0                dcd_edpt_xfer
 .text.dcd_edpt_stall
                0x0000000010004ec4       0x38 CMakeFiles/LCR_meter.dir/home/schuyler/pico/pico-sdk/lib/tinyusb/src/portable/raspberrypi/rp2040/dcd_rp2040.c.obj
                0x0000000010004ec4                dcd_edpt_stall
 .text.dcd_edpt_clear_stall
                0x0000000010004efc       0x30 CMakeFiles/LCR_meter.dir/home/schuyler/pico/pico-sdk/lib/tinyusb/src/portable/raspberrypi/rp2040/dcd_rp2040.c.obj
                0x0000000010004efc                dcd_edpt_clear_stall
 .text.rp2040_usb_init
                0x0000000010004f2c       0x4c CMakeFiles/LCR_meter.dir/home/schuyler/pico/pico-sdk/lib/tinyusb/src/portable/raspberrypi/rp2040/rp2040_usb.c.obj
                0x0000000010004f2c                rp2040_usb_init
 .text.hw_endpoint_xfer_start
                0x0000000010004f78       0x50 CMakeFiles/LCR_meter.dir/home/schuyler/pico/pico-sdk/lib/tinyusb/src/portable/raspberrypi/rp2040/rp2040_usb.c.obj
                0x0000000010004f78                hw_endpoint_xfer_start
 .text.tud_event_hook_cb
                0x0000000010004fc8        0x4 CMakeFiles/LCR_meter.dir/home/schuyler/pico/pico-sdk/lib/tinyusb/src/device/usbd.c.obj
                0x0000000010004fc8                tud_event_hook_cb
 .text.tud_sof_cb
                0x0000000010004fcc        0x4 CMakeFiles/LCR_meter.dir/home/schuyler/pico/pico-sdk/lib/tinyusb/src/device/usbd.c.obj
                0x0000000010004fcc                tud_sof_cb
 .text.tud_mounted
                0x0000000010004fd0       0x10 CMakeFiles/LCR_meter.dir/home/schuyler/pico/pico-sdk/lib/tinyusb/src/device/usbd.c.obj
                0x0000000010004fd0                tud_mounted
 .text.tud_suspended
                0x0000000010004fe0       0x10 CMakeFiles/LCR_meter.dir/home/schuyler/pico/pico-sdk/lib/tinyusb/src/device/usbd.c.obj
                0x0000000010004fe0                tud_suspended
 .text.tud_init
                0x0000000010004ff0       0xd4 CMakeFiles/LCR_meter.dir/home/schuyler/pico/pico-sdk/lib/tinyusb/src/device/usbd.c.obj
                0x0000000010004ff0                tud_init
 .text.tud_task_ext
                0x00000000100050c4      0x814 CMakeFiles/LCR_meter.dir/home/schuyler/pico/pico-sdk/lib/tinyusb/src/device/usbd.c.obj
                0x00000000100050c4                tud_task_ext
 .text.usbd_open_edpt_pair
                0x00000000100058d8       0x9c CMakeFiles/LCR_meter.dir/home/schuyler/pico/pico-sdk/lib/tinyusb/src/device/usbd.c.obj
                0x00000000100058d8                usbd_open_edpt_pair
 .text.usbd_defer_func
                0x0000000010005974       0x58 CMakeFiles/LCR_meter.dir/home/schuyler/pico/pico-sdk/lib/tinyusb/src/device/usbd.c.obj
                0x0000000010005974                usbd_defer_func
 .text.usbd_edpt_open
                0x00000000100059cc       0x34 CMakeFiles/LCR_meter.dir/home/schuyler/pico/pico-sdk/lib/tinyusb/src/device/usbd.c.obj
                0x00000000100059cc                usbd_edpt_open
 .text.usbd_edpt_claim
                0x0000000010005a00       0x28 CMakeFiles/LCR_meter.dir/home/schuyler/pico/pico-sdk/lib/tinyusb/src/device/usbd.c.obj
                0x0000000010005a00                usbd_edpt_claim
 .text.usbd_edpt_release
                0x0000000010005a28       0x28 CMakeFiles/LCR_meter.dir/home/schuyler/pico/pico-sdk/lib/tinyusb/src/device/usbd.c.obj
                0x0000000010005a28                usbd_edpt_release
 .text.usbd_edpt_xfer
                0x0000000010005a50       0x4c CMakeFiles/LCR_meter.dir/home/schuyler/pico/pico-sdk/lib/tinyusb/src/device/usbd.c.obj
                0x0000000010005a50                usbd_edpt_xfer
 .text.tud_control_status
                0x0000000010005a9c       0x30 CMakeFiles/LCR_meter.dir/home/schuyler/pico/pico-sdk/lib/tinyusb/src/device/usbd_control.c.obj
                0x0000000010005a9c                tud_control_status
 .text.tud_control_xfer
                0x0000000010005acc       0xbc CMakeFiles/LCR_meter.dir/home/schuyler/pico/pico-sdk/lib/tinyusb/src/device/usbd_control.c.obj
                0x0000000010005acc                tud_control_xfer
 .text.usbd_control_reset
                0x0000000010005b88       0x14 CMakeFiles/LCR_meter.dir/home/schuyler/pico/pico-sdk/lib/tinyusb/src/device/usbd_control.c.obj
                0x0000000010005b88                usbd_control_reset
 .text.usbd_control_set_complete_callback
                0x0000000010005b9c        0xc CMakeFiles/LCR_meter.dir/home/schuyler/pico/pico-sdk/lib/tinyusb/src/device/usbd_control.c.obj
                0x0000000010005b9c                usbd_control_set_complete_callback
 .text.usbd_control_set_request
                0x0000000010005ba8       0x1c CMakeFiles/LCR_meter.dir/home/schuyler/pico/pico-sdk/lib/tinyusb/src/device/usbd_control.c.obj
                0x0000000010005ba8                usbd_control_set_request
 .text.usbd_control_xfer_cb
                0x0000000010005bc4       0xf0 CMakeFiles/LCR_meter.dir/home/schuyler/pico/pico-sdk/lib/tinyusb/src/device/usbd_control.c.obj
                0x0000000010005bc4                usbd_control_xfer_cb
 .text.tud_cdc_n_connected
                0x0000000010005cb4       0x30 CMakeFiles/LCR_meter.dir/home/schuyler/pico/pico-sdk/lib/tinyusb/src/class/cdc/cdc_device.c.obj
                0x0000000010005cb4                tud_cdc_n_connected
 .text.tud_cdc_n_available
                0x0000000010005ce4       0x18 CMakeFiles/LCR_meter.dir/home/schuyler/pico/pico-sdk/lib/tinyusb/src/class/cdc/cdc_device.c.obj
                0x0000000010005ce4                tud_cdc_n_available
 .text.tud_cdc_n_read
                0x0000000010005cfc       0x84 CMakeFiles/LCR_meter.dir/home/schuyler/pico/pico-sdk/lib/tinyusb/src/class/cdc/cdc_device.c.obj
                0x0000000010005cfc                tud_cdc_n_read
 .text.tud_cdc_n_write_flush
                0x0000000010005d80       0x78 CMakeFiles/LCR_meter.dir/home/schuyler/pico/pico-sdk/lib/tinyusb/src/class/cdc/cdc_device.c.obj
                0x0000000010005d80                tud_cdc_n_write_flush
 .text.tud_cdc_n_write
                0x0000000010005df8       0x44 CMakeFiles/LCR_meter.dir/home/schuyler/pico/pico-sdk/lib/tinyusb/src/class/cdc/cdc_device.c.obj
                0x0000000010005df8                tud_cdc_n_write
 .text.tud_cdc_n_write_available
                0x0000000010005e3c       0x18 CMakeFiles/LCR_meter.dir/home/schuyler/pico/pico-sdk/lib/tinyusb/src/class/cdc/cdc_device.c.obj
                0x0000000010005e3c                tud_cdc_n_write_available
 .text.cdcd_init
                0x0000000010005e54       0x74 CMakeFiles/LCR_meter.dir/home/schuyler/pico/pico-sdk/lib/tinyusb/src/class/cdc/cdc_device.c.obj
                0x0000000010005e54                cdcd_init
 .text.cdcd_deinit
                0x0000000010005ec8       0x24 CMakeFiles/LCR_meter.dir/home/schuyler/pico/pico-sdk/lib/tinyusb/src/class/cdc/cdc_device.c.obj
                0x0000000010005ec8                cdcd_deinit
 .text.cdcd_reset
                0x0000000010005eec       0x2c CMakeFiles/LCR_meter.dir/home/schuyler/pico/pico-sdk/lib/tinyusb/src/class/cdc/cdc_device.c.obj
                0x0000000010005eec                cdcd_reset
 .text.cdcd_open
                0x0000000010005f18       0xe8 CMakeFiles/LCR_meter.dir/home/schuyler/pico/pico-sdk/lib/tinyusb/src/class/cdc/cdc_device.c.obj
                0x0000000010005f18                cdcd_open
 .text.cdcd_control_xfer_cb
                0x0000000010006000       0xe4 CMakeFiles/LCR_meter.dir/home/schuyler/pico/pico-sdk/lib/tinyusb/src/class/cdc/cdc_device.c.obj
                0x0000000010006000                cdcd_control_xfer_cb
 .text.cdcd_xfer_cb
                0x00000000100060e4      0x148 CMakeFiles/LCR_meter.dir/home/schuyler/pico/pico-sdk/lib/tinyusb/src/class/cdc/cdc_device.c.obj
                0x00000000100060e4                cdcd_xfer_cb
 .text.tusb_init
                0x000000001000622c        0xc CMakeFiles/LCR_meter.dir/home/schuyler/pico/pico-sdk/lib/tinyusb/src/tusb.c.obj
                0x000000001000622c                tusb_init
 .text.tu_edpt_claim
                0x0000000010006238       0x50 CMakeFiles/LCR_meter.dir/home/schuyler/pico/pico-sdk/lib/tinyusb/src/tusb.c.obj
                0x0000000010006238                tu_edpt_claim
 .text.tu_edpt_release
                0x0000000010006288       0x38 CMakeFiles/LCR_meter.dir/home/schuyler/pico/pico-sdk/lib/tinyusb/src/tusb.c.obj
                0x0000000010006288                tu_edpt_release
 .text.tu_edpt_validate
                0x00000000100062c0       0x78 CMakeFiles/LCR_meter.dir/home/schuyler/pico/pico-sdk/lib/tinyusb/src/tusb.c.obj
                0x00000000100062c0                tu_edpt_validate
 .text.tu_edpt_bind_driver
                0x0000000010006338       0x34 CMakeFiles/LCR_meter.dir/home/schuyler/pico/pico-sdk/lib/tinyusb/src/tusb.c.obj
                0x0000000010006338                tu_edpt_bind_driver
 .text.tu_fifo_config
                0x000000001000636c       0x70 CMakeFiles/LCR_meter.dir/home/schuyler/pico/pico-sdk/lib/tinyusb/src/common/tusb_fifo.c.obj
                0x000000001000636c                tu_fifo_config
 .text.tu_fifo_count
                0x00000000100063dc       0x2c CMakeFiles/LCR_meter.dir/home/schuyler/pico/pico-sdk/lib/tinyusb/src/common/tusb_fifo.c.obj
                0x00000000100063dc                tu_fifo_count
 .text.tu_fifo_empty
                0x0000000010006408       0x10 CMakeFiles/LCR_meter.dir/home/schuyler/pico/pico-sdk/lib/tinyusb/src/common/tusb_fifo.c.obj
                0x0000000010006408                tu_fifo_empty
 .text.tu_fifo_remaining
                0x0000000010006418       0x2c CMakeFiles/LCR_meter.dir/home/schuyler/pico/pico-sdk/lib/tinyusb/src/common/tusb_fifo.c.obj
                0x0000000010006418                tu_fifo_remaining
 .text.tu_fifo_read
                0x0000000010006444       0xa0 CMakeFiles/LCR_meter.dir/home/schuyler/pico/pico-sdk/lib/tinyusb/src/common/tusb_fifo.c.obj
                0x0000000010006444                tu_fifo_read
 .text.tu_fifo_read_n
                0x00000000100064e4       0xec CMakeFiles/LCR_meter.dir/home/schuyler/pico/pico-sdk/lib/tinyusb/src/common/tusb_fifo.c.obj
                0x00000000100064e4                tu_fifo_read_n
 .text.tu_fifo_write
                0x00000000100065d0       0x88 CMakeFiles/LCR_meter.dir/home/schuyler/pico/pico-sdk/lib/tinyusb/src/common/tusb_fifo.c.obj
                0x00000000100065d0                tu_fifo_write
 .text.tu_fifo_write_n
                0x0000000010006658      0x168 CMakeFiles/LCR_meter.dir/home/schuyler/pico/pico-sdk/lib/tinyusb/src/common/tusb_fifo.c.obj
                0x0000000010006658                tu_fifo_write_n
 .text.tu_fifo_clear
                0x00000000100067c0       0x40 CMakeFiles/LCR_meter.dir/home/schuyler/pico/pico-sdk/lib/tinyusb/src/common/tusb_fifo.c.obj
                0x00000000100067c0                tu_fifo_clear
 .text.tu_fifo_set_overwritable
                0x0000000010006800       0x48 CMakeFiles/LCR_meter.dir/home/schuyler/pico/pico-sdk/lib/tinyusb/src/common/tusb_fifo.c.obj
                0x0000000010006800                tu_fifo_set_overwritable
 .text.adc_init
                0x0000000010006848       0x38 CMakeFiles/LCR_meter.dir/home/schuyler/pico/pico-sdk/src/rp2_common/hardware_adc/adc.c.obj
                0x0000000010006848                adc_init
 .text          0x0000000010006880       0x5c /usr/lib/gcc/arm-none-eabi/10.3.1/../../../arm-none-eabi/lib/thumb/v6-m/nofp/libc.a(lib_a-strlen-stub.o)
                0x0000000010006880                strlen
 *(.fini)
 .fini          0x00000000100068dc        0x4 /usr/lib/gcc/arm-none-eabi/10.3.1/thumb/v6-m/nofp/crti.o
                0x00000000100068dc                _fini
 .fini.__stub   0x00000000100068e0       0xd0 linker stubs
 *crtbegin.o(.ctors)
 *crtbegin?.o(.ctors)
 *(EXCLUDE_FILE(*crtend.o *crtend?.o) .ctors)
 *(SORT_BY_NAME(.ctors.*))
 *(.ctors)
 *crtbegin.o(.dtors)
 *crtbegin?.o(.dtors)
 *(EXCLUDE_FILE(*crtend.o *crtend?.o) .dtors)
 *(SORT_BY_NAME(.dtors.*))
 *(.dtors)
 *(.eh_frame*)
 .eh_frame      0x00000000100069b0        0x0 /usr/lib/gcc/arm-none-eabi/10.3.1/thumb/v6-m/nofp/crtbegin.o
                0x00000000100069b0                . = ALIGN (0x4)

.glue_7         0x00000000100069b0        0x0
 .glue_7        0x00000000100069b0        0x0 linker stubs

.glue_7t        0x00000000100069b0        0x0
 .glue_7t       0x00000000100069b0        0x0 linker stubs

.vfp11_veneer   0x00000000100069b0        0x0
 .vfp11_veneer  0x00000000100069b0        0x0 linker stubs

.v4_bx          0x00000000100069b0        0x0
 .v4_bx         0x00000000100069b0        0x0 linker stubs

.iplt           0x00000000100069b0        0x0
 .iplt          0x00000000100069b0        0x0 /usr/lib/gcc/arm-none-eabi/10.3.1/thumb/v6-m/nofp/crtbegin.o

.rodata         0x00000000100069b0      0x550
 *(EXCLUDE_FILE(*libm.a: *libc.a:*lib_a-mem*.o *libgcc.a:) .rodata*)
 .rodata.main.str1.4
                0x00000000100069b0       0x10 CMakeFiles/LCR_meter.dir/main.c.obj
 .rodata.spin_lock_claim_unused.str1.4
                0x00000000100069c0       0x1b CMakeFiles/LCR_meter.dir/home/schuyler/pico/pico-sdk/src/rp2_common/hardware_sync/sync.c.obj
 *fill*         0x00000000100069db        0x1 
 .rodata.user_irq_claim_unused.str1.4
                0x00000000100069dc       0x1b CMakeFiles/LCR_meter.dir/home/schuyler/pico/pico-sdk/src/rp2_common/hardware_irq/irq.c.obj
 *fill*         0x00000000100069f7        0x1 
 .rodata.hardware_alarm_claim.str1.4
                0x00000000100069f8       0x22 CMakeFiles/LCR_meter.dir/home/schuyler/pico/pico-sdk/src/rp2_common/hardware_timer/timer.c.obj
 *fill*         0x0000000010006a1a        0x2 
 .rodata.panic.str1.4
                0x0000000010006a1c       0x12 CMakeFiles/LCR_meter.dir/home/schuyler/pico/pico-sdk/src/rp2_common/pico_runtime/runtime.c.obj
 *fill*         0x0000000010006a2e        0x2 
 .rodata.hard_assertion_failure.str1.4
                0x0000000010006a30        0xc CMakeFiles/LCR_meter.dir/home/schuyler/pico/pico-sdk/src/rp2_common/pico_runtime/runtime.c.obj
 .rodata._ftoa.str1.4
                0x0000000010006a3c       0x15 CMakeFiles/LCR_meter.dir/home/schuyler/pico/pico-sdk/src/rp2_common/pico_printf/printf.c.obj
 *fill*         0x0000000010006a51        0x3 
 .rodata._vsnprintf
                0x0000000010006a54      0x1e0 CMakeFiles/LCR_meter.dir/home/schuyler/pico/pico-sdk/src/rp2_common/pico_printf/printf.c.obj
 *fill*         0x0000000010006c34        0x4 
 .rodata.pow10.0
                0x0000000010006c38       0x50 CMakeFiles/LCR_meter.dir/home/schuyler/pico/pico-sdk/src/rp2_common/pico_printf/printf.c.obj
 .rodata.str1.4
                0x0000000010006c88       0x40 CMakeFiles/LCR_meter.dir/home/schuyler/pico/pico-sdk/src/rp2_common/pico_standard_link/binary_info.c.obj
 .rodata.__bi_44
                0x0000000010006cc8        0xc CMakeFiles/LCR_meter.dir/home/schuyler/pico/pico-sdk/src/rp2_common/pico_standard_link/binary_info.c.obj
 .rodata.__bi_75
                0x0000000010006cd4        0xc CMakeFiles/LCR_meter.dir/home/schuyler/pico/pico-sdk/src/rp2_common/pico_standard_link/binary_info.c.obj
 .rodata.__bi_81
                0x0000000010006ce0        0xc CMakeFiles/LCR_meter.dir/home/schuyler/pico/pico-sdk/src/rp2_common/pico_standard_link/binary_info.c.obj
 .rodata.crlf_str.0
                0x0000000010006cec        0x2 CMakeFiles/LCR_meter.dir/home/schuyler/pico/pico-sdk/src/rp2_common/pico_stdio/stdio.c.obj
 *fill*         0x0000000010006cee        0x2 
 .rodata._resetd_driver
                0x0000000010006cf0       0x20 CMakeFiles/LCR_meter.dir/home/schuyler/pico/pico-sdk/src/rp2_common/pico_stdio_usb/reset_interface.c.obj
 .rodata.str1.4
                0x0000000010006d10       0x13 CMakeFiles/LCR_meter.dir/home/schuyler/pico/pico-sdk/src/rp2_common/pico_stdio_usb/stdio_usb.c.obj
 *fill*         0x0000000010006d23        0x1 
 .rodata.__bi_182.0
                0x0000000010006d24        0xc CMakeFiles/LCR_meter.dir/home/schuyler/pico/pico-sdk/src/rp2_common/pico_stdio_usb/stdio_usb.c.obj
 .rodata.str1.4
                0x0000000010006d30       0x2a CMakeFiles/LCR_meter.dir/home/schuyler/pico/pico-sdk/src/rp2_common/pico_stdio_usb/stdio_usb_descriptors.c.obj
 *fill*         0x0000000010006d5a        0x2 
 .rodata.usbd_desc_cfg
                0x0000000010006d5c       0x54 CMakeFiles/LCR_meter.dir/home/schuyler/pico/pico-sdk/src/rp2_common/pico_stdio_usb/stdio_usb_descriptors.c.obj
 .rodata.usbd_desc_device
                0x0000000010006db0       0x12 CMakeFiles/LCR_meter.dir/home/schuyler/pico/pico-sdk/src/rp2_common/pico_stdio_usb/stdio_usb_descriptors.c.obj
 *fill*         0x0000000010006dc2        0x2 
 .rodata.usbd_desc_str
                0x0000000010006dc4       0x18 CMakeFiles/LCR_meter.dir/home/schuyler/pico/pico-sdk/src/rp2_common/pico_stdio_usb/stdio_usb_descriptors.c.obj
 .rodata.str1.4
                0x0000000010006ddc       0x14 CMakeFiles/LCR_meter.dir/home/schuyler/pico/pico-sdk/lib/tinyusb/src/portable/raspberrypi/rp2040/dcd_rp2040.c.obj
 .rodata.str1.4
                0x0000000010006df0       0x48 CMakeFiles/LCR_meter.dir/home/schuyler/pico/pico-sdk/lib/tinyusb/src/portable/raspberrypi/rp2040/rp2040_usb.c.obj
 .rodata.tud_task_ext
                0x0000000010006e38       0x8c CMakeFiles/LCR_meter.dir/home/schuyler/pico/pico-sdk/lib/tinyusb/src/device/usbd.c.obj
 .rodata        0x0000000010006ec4       0x1c CMakeFiles/LCR_meter.dir/home/schuyler/pico/pico-sdk/lib/tinyusb/src/device/usbd.c.obj
 .rodata._usbd_driver
                0x0000000010006ee0       0x20 CMakeFiles/LCR_meter.dir/home/schuyler/pico/pico-sdk/lib/tinyusb/src/device/usbd.c.obj
                0x0000000010006f00                . = ALIGN (0x4)
 *(SORT_BY_ALIGNMENT(SORT_BY_NAME(.flashdata*)))
                0x0000000010006f00                . = ALIGN (0x4)

.ARM.extab
 *(.ARM.extab* .gnu.linkonce.armextab.*)
                0x0000000010006f00                __exidx_start = .

.ARM.exidx
 *(.ARM.exidx* .gnu.linkonce.armexidx.*)
                0x0000000010006f00                __exidx_end = .
                0x0000000010006f00                . = ALIGN (0x4)
                0x0000000010006f00                __binary_info_start = .

.binary_info    0x0000000010006f00       0x20
 *(.binary_info.keep.*)
 .binary_info.keep.__bi_ptr22
                0x0000000010006f00        0x4 CMakeFiles/LCR_meter.dir/home/schuyler/pico/pico-sdk/src/rp2_common/pico_standard_link/binary_info.c.obj
 .binary_info.keep.__bi_ptr30
                0x0000000010006f04        0x4 CMakeFiles/LCR_meter.dir/home/schuyler/pico/pico-sdk/src/rp2_common/pico_standard_link/binary_info.c.obj
 .binary_info.keep.__bi_ptr38
                0x0000000010006f08        0x4 CMakeFiles/LCR_meter.dir/home/schuyler/pico/pico-sdk/src/rp2_common/pico_standard_link/binary_info.c.obj
 .binary_info.keep.__bi_ptr44
                0x0000000010006f0c        0x4 CMakeFiles/LCR_meter.dir/home/schuyler/pico/pico-sdk/src/rp2_common/pico_standard_link/binary_info.c.obj
 .binary_info.keep.__bi_ptr50
                0x0000000010006f10        0x4 CMakeFiles/LCR_meter.dir/home/schuyler/pico/pico-sdk/src/rp2_common/pico_standard_link/binary_info.c.obj
 .binary_info.keep.__bi_ptr75
                0x0000000010006f14        0x4 CMakeFiles/LCR_meter.dir/home/schuyler/pico/pico-sdk/src/rp2_common/pico_standard_link/binary_info.c.obj
 .binary_info.keep.__bi_ptr81
                0x0000000010006f18        0x4 CMakeFiles/LCR_meter.dir/home/schuyler/pico/pico-sdk/src/rp2_common/pico_standard_link/binary_info.c.obj
 *(.binary_info.*)
 .binary_info.__bi_ptr182
                0x0000000010006f1c        0x4 CMakeFiles/LCR_meter.dir/home/schuyler/pico/pico-sdk/src/rp2_common/pico_stdio_usb/stdio_usb.c.obj
                0x0000000010006f20                __binary_info_end = .

.rel.dyn        0x0000000010006f20        0x0
 .rel.iplt      0x0000000010006f20        0x0 /usr/lib/gcc/arm-none-eabi/10.3.1/thumb/v6-m/nofp/crtbegin.o
                0x0000000010006f20                . = ALIGN (0x4)

.ram_vector_table
                0x0000000020000000       0xc0
 *(.ram_vector_table)
 .ram_vector_table
                0x0000000020000000       0xc0 CMakeFiles/LCR_meter.dir/home/schuyler/pico/pico-sdk/src/rp2_common/pico_runtime/runtime.c.obj
                0x0000000020000000                ram_vector_table

.data           0x00000000200000c0      0xf38 load address 0x0000000010006f20
                0x00000000200000c0                __data_start__ = .
 *(vtable)
 *(.time_critical*)
 .time_critical.mutex_try_enter
                0x00000000200000c0       0x44 CMakeFiles/LCR_meter.dir/home/schuyler/pico/pico-sdk/src/common/pico_sync/mutex.c.obj
                0x00000000200000c0                mutex_try_enter
 .time_critical.mutex_try_enter_block_until
                0x0000000020000104       0x9c CMakeFiles/LCR_meter.dir/home/schuyler/pico/pico-sdk/src/common/pico_sync/mutex.c.obj
                0x0000000020000104                mutex_try_enter_block_until
 .time_critical.mutex_enter_timeout_ms
                0x00000000200001a0       0x90 CMakeFiles/LCR_meter.dir/home/schuyler/pico/pico-sdk/src/common/pico_sync/mutex.c.obj
                0x00000000200001a0                mutex_enter_timeout_ms
 .time_critical.mutex_exit
                0x0000000020000230       0x28 CMakeFiles/LCR_meter.dir/home/schuyler/pico/pico-sdk/src/common/pico_sync/mutex.c.obj
                0x0000000020000230                mutex_exit
 .time_critical.flash_init_boot2_copyout
                0x0000000020000258       0x30 CMakeFiles/LCR_meter.dir/home/schuyler/pico/pico-sdk/src/rp2_common/hardware_flash/flash.c.obj
 .time_critical.flash_enable_xip_via_boot2
                0x0000000020000288       0x10 CMakeFiles/LCR_meter.dir/home/schuyler/pico/pico-sdk/src/rp2_common/hardware_flash/flash.c.obj
 .time_critical.flash_cs_force
                0x0000000020000298       0x38 CMakeFiles/LCR_meter.dir/home/schuyler/pico/pico-sdk/src/rp2_common/hardware_flash/flash.c.obj
 .time_critical.flash_do_cmd
                0x00000000200002d0       0xc4 CMakeFiles/LCR_meter.dir/home/schuyler/pico/pico-sdk/src/rp2_common/hardware_flash/flash.c.obj
                0x00000000200002d0                flash_do_cmd
 .time_critical.reset_non_control_endpoints
                0x0000000020000394       0xbc CMakeFiles/LCR_meter.dir/home/schuyler/pico/pico-sdk/lib/tinyusb/src/portable/raspberrypi/rp2040/dcd_rp2040.c.obj
 .time_critical.hw_handle_buff_status
                0x0000000020000450       0xa8 CMakeFiles/LCR_meter.dir/home/schuyler/pico/pico-sdk/lib/tinyusb/src/portable/raspberrypi/rp2040/dcd_rp2040.c.obj
 .time_critical.dcd_rp2040_irq
                0x00000000200004f8      0x554 CMakeFiles/LCR_meter.dir/home/schuyler/pico/pico-sdk/lib/tinyusb/src/portable/raspberrypi/rp2040/dcd_rp2040.c.obj
 .time_critical.e15_is_bulkin_ep
                0x0000000020000a4c       0x28 CMakeFiles/LCR_meter.dir/home/schuyler/pico/pico-sdk/lib/tinyusb/src/portable/raspberrypi/rp2040/rp2040_usb.c.obj
 .time_critical.e15_is_critical_frame_period
                0x0000000020000a74       0x34 CMakeFiles/LCR_meter.dir/home/schuyler/pico/pico-sdk/lib/tinyusb/src/portable/raspberrypi/rp2040/rp2040_usb.c.obj
 .time_critical.prepare_ep_buffer
                0x0000000020000aa8       0x70 CMakeFiles/LCR_meter.dir/home/schuyler/pico/pico-sdk/lib/tinyusb/src/portable/raspberrypi/rp2040/rp2040_usb.c.obj
 .time_critical.sync_ep_buffer
                0x0000000020000b18       0x4c CMakeFiles/LCR_meter.dir/home/schuyler/pico/pico-sdk/lib/tinyusb/src/portable/raspberrypi/rp2040/rp2040_usb.c.obj
 .time_critical._hw_endpoint_xfer_sync
                0x0000000020000b64       0x28 CMakeFiles/LCR_meter.dir/home/schuyler/pico/pico-sdk/lib/tinyusb/src/portable/raspberrypi/rp2040/rp2040_usb.c.obj
 .time_critical.hw_endpoint_reset_transfer
                0x0000000020000b8c        0xc CMakeFiles/LCR_meter.dir/home/schuyler/pico/pico-sdk/lib/tinyusb/src/portable/raspberrypi/rp2040/rp2040_usb.c.obj
                0x0000000020000b8c                hw_endpoint_reset_transfer
 .time_critical._hw_endpoint_buffer_control_update32
                0x0000000020000b98       0x50 CMakeFiles/LCR_meter.dir/home/schuyler/pico/pico-sdk/lib/tinyusb/src/portable/raspberrypi/rp2040/rp2040_usb.c.obj
                0x0000000020000b98                _hw_endpoint_buffer_control_update32
 .time_critical.hw_endpoint_start_next_buffer
                0x0000000020000be8       0x6c CMakeFiles/LCR_meter.dir/home/schuyler/pico/pico-sdk/lib/tinyusb/src/portable/raspberrypi/rp2040/rp2040_usb.c.obj
                0x0000000020000be8                hw_endpoint_start_next_buffer
 .time_critical.hw_endpoint_xfer_continue
                0x0000000020000c54       0x40 CMakeFiles/LCR_meter.dir/home/schuyler/pico/pico-sdk/lib/tinyusb/src/portable/raspberrypi/rp2040/rp2040_usb.c.obj
                0x0000000020000c54                hw_endpoint_xfer_continue
 .time_critical.tinyusb
                0x0000000020000c94      0x1e0 CMakeFiles/LCR_meter.dir/home/schuyler/pico/pico-sdk/lib/tinyusb/src/device/usbd.c.obj
                0x0000000020000c94                dcd_event_handler
 *(.text*)
 .text          0x0000000020000e74        0x4 /usr/lib/gcc/arm-none-eabi/10.3.1/thumb/v6-m/nofp/libgcc.a(_dvmd_tls.o)
                0x0000000020000e74                __aeabi_ldiv0
                0x0000000020000e74                __aeabi_idiv0
 .text.__stub   0x0000000020000e78       0x90 linker stubs
                0x0000000020000f08                . = ALIGN (0x4)
 *(.rodata*)
                0x0000000020000f08                . = ALIGN (0x4)
 *(.data*)
 .data.striped_spin_lock_num
                0x0000000020000f08        0x1 CMakeFiles/LCR_meter.dir/home/schuyler/pico/pico-sdk/src/rp2_common/hardware_sync/sync.c.obj
 *fill*         0x0000000020000f09        0x3 
 .data          0x0000000020000f0c       0x48 CMakeFiles/LCR_meter.dir/home/schuyler/pico/pico-sdk/src/rp2_common/hardware_irq/irq_handler_chain.S.obj
                0x0000000020000f0c                irq_handler_chain_slots
                0x0000000020000f3c                irq_handler_chain_first_slot
                0x0000000020000f46                irq_handler_chain_remove_tail
 .data.default_alarm_pool
                0x0000000020000f54       0x18 CMakeFiles/LCR_meter.dir/home/schuyler/pico/pico-sdk/src/common/pico_time/time.c.obj
 .data.default_alarm_pool_heap
                0x0000000020000f6c       0x10 CMakeFiles/LCR_meter.dir/home/schuyler/pico/pico-sdk/src/common/pico_time/time.c.obj
 *fill*         0x0000000020000f7c        0x4 
 .data.aeabi_bits_funcs
                0x0000000020000f80       0x10 CMakeFiles/LCR_meter.dir/home/schuyler/pico/pico-sdk/src/rp2_common/pico_bit_ops/bit_ops_aeabi.S.obj
                0x0000000020000f80                aeabi_bits_funcs
                0x0000000020000f90                aeabi_bits_funcs_end
 .data.aeabi_mem_funcs
                0x0000000020000f90       0x10 CMakeFiles/LCR_meter.dir/home/schuyler/pico/pico-sdk/src/rp2_common/pico_mem_ops/mem_ops_aeabi.S.obj
                0x0000000020000f90                aeabi_mem_funcs
                0x0000000020000fa0                aeabi_mem_funcs_end
 .data.stdio_usb
                0x0000000020000fa0       0x18 CMakeFiles/LCR_meter.dir/home/schuyler/pico/pico-sdk/src/rp2_common/pico_stdio_usb/stdio_usb.c.obj
                0x0000000020000fa0                stdio_usb
 .data._usbd_qdef
                0x0000000020000fb8       0x1c CMakeFiles/LCR_meter.dir/home/schuyler/pico/pico-sdk/lib/tinyusb/src/device/usbd.c.obj
                0x0000000020000fb8                _usbd_qdef
 .data._usbd_rhport
                0x0000000020000fd4        0x1 CMakeFiles/LCR_meter.dir/home/schuyler/pico/pico-sdk/lib/tinyusb/src/device/usbd.c.obj
                0x0000000020000fd8                . = ALIGN (0x4)
 *fill*         0x0000000020000fd5        0x3 
 *(.after_data.*)
                0x0000000020000fd8                . = ALIGN (0x4)
                0x0000000020000fd8                PROVIDE (__mutex_array_start = .)
 *(SORT_BY_NAME(.mutex_array.*))
 *(.mutex_array)
 .mutex_array   0x0000000020000fd8        0x8 CMakeFiles/LCR_meter.dir/home/schuyler/pico/pico-sdk/src/rp2_common/pico_stdio/stdio.c.obj
                0x0000000020000fe0                PROVIDE (__mutex_array_end = .)
                0x0000000020000fe0                . = ALIGN (0x4)
                0x0000000020000fe0                PROVIDE (__preinit_array_start = .)
 *(SORT_BY_NAME(.preinit_array.*))
 .preinit_array.00001
                0x0000000020000fe0        0x4 CMakeFiles/LCR_meter.dir/home/schuyler/pico/pico-sdk/src/rp2_common/pico_mem_ops/mem_ops_aeabi.S.obj
 .preinit_array.00010
                0x0000000020000fe4        0x4 CMakeFiles/LCR_meter.dir/home/schuyler/pico/pico-sdk/src/rp2_common/pico_bit_ops/bit_ops_aeabi.S.obj
 .preinit_array.00020
                0x0000000020000fe8        0x4 CMakeFiles/LCR_meter.dir/home/schuyler/pico/pico-sdk/src/rp2_common/pico_double/double_aeabi.S.obj
 .preinit_array.00020
                0x0000000020000fec        0x4 CMakeFiles/LCR_meter.dir/home/schuyler/pico/pico-sdk/src/rp2_common/pico_float/float_aeabi.S.obj
 *(.preinit_array)
                0x0000000020000ff0                PROVIDE (__preinit_array_end = .)
                0x0000000020000ff0                . = ALIGN (0x4)
                0x0000000020000ff0                PROVIDE (__init_array_start = .)
 *(SORT_BY_NAME(.init_array.*))
 *(.init_array)
 .init_array    0x0000000020000ff0        0x4 /usr/lib/gcc/arm-none-eabi/10.3.1/thumb/v6-m/nofp/crtbegin.o
 .init_array    0x0000000020000ff4        0x4 CMakeFiles/LCR_meter.dir/home/schuyler/pico/pico-sdk/src/rp2_common/pico_unique_id/unique_id.c.obj
                0x0000000020000ff8                PROVIDE (__init_array_end = .)
                0x0000000020000ff8                . = ALIGN (0x4)
                0x0000000020000ff8                PROVIDE (__fini_array_start = .)
 *(SORT_BY_NAME(.fini_array.*))
 *(.fini_array)
                0x0000000020000ff8                PROVIDE (__fini_array_end = .)
 *(.jcr)
                0x0000000020000ff8                . = ALIGN (0x4)
                0x0000000020000ff8                __data_end__ = .
                0x0000000010006f20                __etext = LOADADDR (.data)

.tm_clone_table
                0x0000000020000ff8        0x0 load address 0x0000000010007e58
 .tm_clone_table
                0x0000000020000ff8        0x0 /usr/lib/gcc/arm-none-eabi/10.3.1/thumb/v6-m/nofp/crtbegin.o
 .tm_clone_table
                0x0000000020000ff8        0x0 /usr/lib/gcc/arm-none-eabi/10.3.1/thumb/v6-m/nofp/crtend.o

.igot.plt       0x0000000020000ff8        0x0 load address 0x0000000010007e58
 .igot.plt      0x0000000020000ff8        0x0 /usr/lib/gcc/arm-none-eabi/10.3.1/thumb/v6-m/nofp/crtbegin.o

.uninitialized_data
                0x0000000020000ff8        0x0 load address 0x0000000010007e58
                0x0000000020000ff8                . = ALIGN (0x4)
 *(.uninitialized_data*)

.scratch_x      0x0000000020040000        0x0 load address 0x0000000010007e58
                0x0000000020040000                __scratch_x_start__ = .
 *(.scratch_x.*)
                0x0000000020040000                . = ALIGN (0x4)
                0x0000000020040000                __scratch_x_end__ = .
                0x0000000010007e58                __scratch_x_source__ = LOADADDR (.scratch_x)

.scratch_y      0x0000000020041000        0x0 load address 0x0000000010007e58
                0x0000000020041000                __scratch_y_start__ = .
 *(.scratch_y.*)
                0x0000000020041000                . = ALIGN (0x4)
                0x0000000020041000                __scratch_y_end__ = .
                0x0000000010007e58                __scratch_y_source__ = LOADADDR (.scratch_y)

.bss            0x0000000020000ff8      0xd8c
                0x0000000020000ff8                . = ALIGN (0x4)
                0x0000000020000ff8                __bss_start__ = .
 *(SORT_BY_ALIGNMENT(SORT_BY_NAME(.bss*)))
 .bss.default_alarm_pool_entries
                0x0000000020000ff8      0x100 CMakeFiles/LCR_meter.dir/home/schuyler/pico/pico-sdk/src/common/pico_time/time.c.obj
 .bss.last_avail_time.1
                0x00000000200010f8        0x8 CMakeFiles/LCR_meter.dir/home/schuyler/pico/pico-sdk/src/rp2_common/pico_stdio_usb/stdio_usb.c.obj
 .bss.sd_table  0x0000000020001100      0x100 CMakeFiles/LCR_meter.dir/home/schuyler/pico/pico-sdk/src/rp2_common/pico_double/double_init_rom.c.obj
                0x0000000020001100                sd_table
 .bss.sf_table  0x0000000020001200      0x100 CMakeFiles/LCR_meter.dir/home/schuyler/pico/pico-sdk/src/rp2_common/pico_float/float_init_rom.c.obj
                0x0000000020001200                sf_table
 .bss           0x0000000020001300       0x1c /usr/lib/gcc/arm-none-eabi/10.3.1/thumb/v6-m/nofp/crtbegin.o
 .bss._app_driver
                0x000000002000131c        0x4 CMakeFiles/LCR_meter.dir/home/schuyler/pico/pico-sdk/lib/tinyusb/src/device/usbd.c.obj
 .bss._cdcd_itf
                0x0000000020001320      0x2c8 CMakeFiles/LCR_meter.dir/home/schuyler/pico/pico-sdk/lib/tinyusb/src/class/cdc/cdc_device.c.obj
 .bss._ctrl_xfer
                0x00000000200015e8       0x14 CMakeFiles/LCR_meter.dir/home/schuyler/pico/pico-sdk/lib/tinyusb/src/device/usbd_control.c.obj
 .bss._ubsd_mutexdef
                0x00000000200015fc        0x8 CMakeFiles/LCR_meter.dir/home/schuyler/pico/pico-sdk/lib/tinyusb/src/device/usbd.c.obj
 .bss._usbd_ctrl_buf
                0x0000000020001604       0x40 CMakeFiles/LCR_meter.dir/home/schuyler/pico/pico-sdk/lib/tinyusb/src/device/usbd_control.c.obj
 .bss._usbd_dev
                0x0000000020001644       0x55 CMakeFiles/LCR_meter.dir/home/schuyler/pico/pico-sdk/lib/tinyusb/src/device/usbd.c.obj
 *fill*         0x0000000020001699        0x3 
 .bss._usbd_mutex
                0x000000002000169c        0x4 CMakeFiles/LCR_meter.dir/home/schuyler/pico/pico-sdk/lib/tinyusb/src/device/usbd.c.obj
 .bss._usbd_q   0x00000000200016a0        0x4 CMakeFiles/LCR_meter.dir/home/schuyler/pico/pico-sdk/lib/tinyusb/src/device/usbd.c.obj
 .bss._usbd_qdef_buf
                0x00000000200016a4       0xc0 CMakeFiles/LCR_meter.dir/home/schuyler/pico/pico-sdk/lib/tinyusb/src/device/usbd.c.obj
                0x00000000200016a4                _usbd_qdef_buf
 .bss.alarm_callbacks
                0x0000000020001764       0x10 CMakeFiles/LCR_meter.dir/home/schuyler/pico/pico-sdk/src/rp2_common/hardware_timer/timer.c.obj
 .bss.boot2_copyout
                0x0000000020001774      0x100 CMakeFiles/LCR_meter.dir/home/schuyler/pico/pico-sdk/src/rp2_common/hardware_flash/flash.c.obj
 .bss.chars_available_callback
                0x0000000020001874        0x4 CMakeFiles/LCR_meter.dir/home/schuyler/pico/pico-sdk/src/rp2_common/pico_stdio_usb/stdio_usb.c.obj
 .bss.chars_available_param
                0x0000000020001878        0x4 CMakeFiles/LCR_meter.dir/home/schuyler/pico/pico-sdk/src/rp2_common/pico_stdio_usb/stdio_usb.c.obj
 .bss.claimed   0x000000002000187c        0x4 CMakeFiles/LCR_meter.dir/home/schuyler/pico/pico-sdk/src/rp2_common/hardware_sync/sync.c.obj
 .bss.configured_freq
                0x0000000020001880       0x28 CMakeFiles/LCR_meter.dir/home/schuyler/pico/pico-sdk/src/rp2_common/hardware_clocks/clocks.c.obj
 .bss.default_alarm_pool_entry_ids_high
                0x00000000200018a8       0x10 CMakeFiles/LCR_meter.dir/home/schuyler/pico/pico-sdk/src/common/pico_time/time.c.obj
 .bss.default_alarm_pool_heap_nodes
                0x00000000200018b8       0x30 CMakeFiles/LCR_meter.dir/home/schuyler/pico/pico-sdk/src/common/pico_time/time.c.obj
 .bss.desc_str.0
                0x00000000200018e8       0x28 CMakeFiles/LCR_meter.dir/home/schuyler/pico/pico-sdk/src/rp2_common/pico_stdio_usb/stdio_usb_descriptors.c.obj
 .bss.drivers   0x0000000020001910        0x4 CMakeFiles/LCR_meter.dir/home/schuyler/pico/pico-sdk/src/rp2_common/pico_stdio/stdio.c.obj
 .bss.e15_last_sof
                0x0000000020001914        0x4 CMakeFiles/LCR_meter.dir/home/schuyler/pico/pico-sdk/lib/tinyusb/src/portable/raspberrypi/rp2040/rp2040_usb.c.obj
                0x0000000020001914                e15_last_sof
 .bss.filter    0x0000000020001918        0x4 CMakeFiles/LCR_meter.dir/home/schuyler/pico/pico-sdk/src/rp2_common/pico_stdio/stdio.c.obj
 .bss.hw_endpoints
                0x000000002000191c      0x400 CMakeFiles/LCR_meter.dir/home/schuyler/pico/pico-sdk/lib/tinyusb/src/portable/raspberrypi/rp2040/dcd_rp2040.c.obj
 .bss.lazy_vsnprintf
                0x0000000020001d1c        0x4 CMakeFiles/LCR_meter.dir/home/schuyler/pico/pico-sdk/src/rp2_common/pico_printf/printf.c.obj
 .bss.load_value
                0x0000000020001d20        0x4 CMakeFiles/LCR_meter.dir/home/schuyler/pico/pico-sdk/src/rp2_common/hardware_watchdog/watchdog.c.obj
 .bss.next_buffer_ptr
                0x0000000020001d24        0x4 CMakeFiles/LCR_meter.dir/home/schuyler/pico/pico-sdk/lib/tinyusb/src/portable/raspberrypi/rp2040/dcd_rp2040.c.obj
 .bss.one_shot_timer_crit_sec
                0x0000000020001d28        0x8 CMakeFiles/LCR_meter.dir/home/schuyler/pico/pico-sdk/src/rp2_common/pico_stdio_usb/stdio_usb.c.obj
 .bss.pools     0x0000000020001d30       0x10 CMakeFiles/LCR_meter.dir/home/schuyler/pico/pico-sdk/src/common/pico_time/time.c.obj
 .bss.retrieved_id
                0x0000000020001d40        0x8 CMakeFiles/LCR_meter.dir/home/schuyler/pico/pico-sdk/src/rp2_common/pico_unique_id/unique_id.c.obj
 .bss.sf_clz_func
                0x0000000020001d48        0x4 CMakeFiles/LCR_meter.dir/home/schuyler/pico/pico-sdk/src/rp2_common/pico_double/double_init_rom.c.obj
                0x0000000020001d48                sf_clz_func
 .bss.sleep_notifier
                0x0000000020001d4c        0x4 CMakeFiles/LCR_meter.dir/home/schuyler/pico/pico-sdk/src/common/pico_time/time.c.obj
 .bss.stdio_usb_mutex
                0x0000000020001d50        0x8 CMakeFiles/LCR_meter.dir/home/schuyler/pico/pico-sdk/src/rp2_common/pico_stdio_usb/stdio_usb.c.obj
 .bss.target_hi
                0x0000000020001d58       0x10 CMakeFiles/LCR_meter.dir/home/schuyler/pico/pico-sdk/src/rp2_common/hardware_timer/timer.c.obj
 .bss.usbd_serial_str
                0x0000000020001d68       0x11 CMakeFiles/LCR_meter.dir/home/schuyler/pico/pico-sdk/src/rp2_common/pico_stdio_usb/stdio_usb_descriptors.c.obj
 .bss._app_driver_count
                0x0000000020001d79        0x1 CMakeFiles/LCR_meter.dir/home/schuyler/pico/pico-sdk/lib/tinyusb/src/device/usbd.c.obj
 .bss._sof_enable
                0x0000000020001d7a        0x1 CMakeFiles/LCR_meter.dir/home/schuyler/pico/pico-sdk/lib/tinyusb/src/portable/raspberrypi/rp2040/dcd_rp2040.c.obj
 .bss.boot2_copyout_valid
                0x0000000020001d7b        0x1 CMakeFiles/LCR_meter.dir/home/schuyler/pico/pico-sdk/src/rp2_common/hardware_flash/flash.c.obj
 .bss.claimed   0x0000000020001d7c        0x1 CMakeFiles/LCR_meter.dir/home/schuyler/pico/pico-sdk/src/rp2_common/hardware_timer/timer.c.obj
 .bss.irq_hander_chain_free_slot_head
                0x0000000020001d7d        0x1 CMakeFiles/LCR_meter.dir/home/schuyler/pico/pico-sdk/src/rp2_common/hardware_irq/irq.c.obj
 .bss.itf_num   0x0000000020001d7e        0x1 CMakeFiles/LCR_meter.dir/home/schuyler/pico/pico-sdk/src/rp2_common/pico_stdio_usb/reset_interface.c.obj
 .bss.low_priority_irq_num
                0x0000000020001d7f        0x1 CMakeFiles/LCR_meter.dir/home/schuyler/pico/pico-sdk/src/rp2_common/pico_stdio_usb/stdio_usb.c.obj
 .bss.one_shot_timer_pending
                0x0000000020001d80        0x1 CMakeFiles/LCR_meter.dir/home/schuyler/pico/pico-sdk/src/rp2_common/pico_stdio_usb/stdio_usb.c.obj
 .bss.timer_callbacks_pending
                0x0000000020001d81        0x1 CMakeFiles/LCR_meter.dir/home/schuyler/pico/pico-sdk/src/rp2_common/hardware_timer/timer.c.obj
 .bss.user_irq_claimed
                0x0000000020001d82        0x1 CMakeFiles/LCR_meter.dir/home/schuyler/pico/pico-sdk/src/rp2_common/hardware_irq/irq.c.obj
 *(COMMON)
                0x0000000020001d84                . = ALIGN (0x4)
 *fill*         0x0000000020001d83        0x1 
                0x0000000020001d84                __bss_end__ = .

.heap           0x0000000020001d84      0x800
                0x0000000020001d84                __end__ = .
                0x0000000020001d84                end = __end__
 *(.heap*)
 .heap          0x0000000020001d84      0x800 CMakeFiles/LCR_meter.dir/home/schuyler/pico/pico-sdk/src/rp2_common/pico_standard_link/crt0.S.obj
                0x0000000020002584                __HeapLimit = .

.stack1_dummy   0x0000000020040000        0x0
 *(.stack1*)

.stack_dummy    0x0000000020041000      0x800
 *(.stack*)
 .stack         0x0000000020041000      0x800 CMakeFiles/LCR_meter.dir/home/schuyler/pico/pico-sdk/src/rp2_common/pico_standard_link/crt0.S.obj

.flash_end      0x0000000010007e58        0x0
                0x0000000010007e58                PROVIDE (__flash_binary_end = .)
                0x0000000020040000                __StackLimit = (ORIGIN (RAM) + LENGTH (RAM))
                0x0000000020041000                __StackOneTop = (ORIGIN (SCRATCH_X) + LENGTH (SCRATCH_X))
                0x0000000020042000                __StackTop = (ORIGIN (SCRATCH_Y) + LENGTH (SCRATCH_Y))
                0x0000000020041000                __StackOneBottom = (__StackOneTop - SIZEOF (.stack1_dummy))
                0x0000000020041800                __StackBottom = (__StackTop - SIZEOF (.stack_dummy))
                0x0000000020042000                PROVIDE (__stack = __StackTop)
                0x0000000000000001                ASSERT ((__StackLimit >= __HeapLimit), region RAM overflowed)
                0x0000000000000001                ASSERT (((__binary_info_header_end - __logical_binary_start) <= 0x100), Binary info must be in first 256 bytes of the binary)
LOAD CMakeFiles/LCR_meter.dir/main.c.obj
LOAD CMakeFiles/LCR_meter.dir/home/schuyler/pico/pico-sdk/src/rp2_common/pico_stdlib/stdlib.c.obj
LOAD CMakeFiles/LCR_meter.dir/home/schuyler/pico/pico-sdk/src/rp2_common/hardware_gpio/gpio.c.obj
LOAD CMakeFiles/LCR_meter.dir/home/schuyler/pico/pico-sdk/src/rp2_common/pico_platform/platform.c.obj
LOAD CMakeFiles/LCR_meter.dir/home/schuyler/pico/pico-sdk/src/rp2_common/hardware_claim/claim.c.obj
LOAD CMakeFiles/LCR_meter.dir/home/schuyler/pico/pico-sdk/src/rp2_common/hardware_sync/sync.c.obj
LOAD CMakeFiles/LCR_meter.dir/home/schuyler/pico/pico-sdk/src/rp2_common/hardware_irq/irq.c.obj
LOAD CMakeFiles/LCR_meter.dir/home/schuyler/pico/pico-sdk/src/rp2_common/hardware_irq/irq_handler_chain.S.obj
LOAD CMakeFiles/LCR_meter.dir/home/schuyler/pico/pico-sdk/src/common/pico_sync/sem.c.obj
LOAD CMakeFiles/LCR_meter.dir/home/schuyler/pico/pico-sdk/src/common/pico_sync/lock_core.c.obj
LOAD CMakeFiles/LCR_meter.dir/home/schuyler/pico/pico-sdk/src/common/pico_sync/mutex.c.obj
LOAD CMakeFiles/LCR_meter.dir/home/schuyler/pico/pico-sdk/src/common/pico_sync/critical_section.c.obj
LOAD CMakeFiles/LCR_meter.dir/home/schuyler/pico/pico-sdk/src/common/pico_time/time.c.obj
LOAD CMakeFiles/LCR_meter.dir/home/schuyler/pico/pico-sdk/src/common/pico_time/timeout_helper.c.obj
LOAD CMakeFiles/LCR_meter.dir/home/schuyler/pico/pico-sdk/src/rp2_common/hardware_timer/timer.c.obj
LOAD CMakeFiles/LCR_meter.dir/home/schuyler/pico/pico-sdk/src/common/pico_util/datetime.c.obj
LOAD CMakeFiles/LCR_meter.dir/home/schuyler/pico/pico-sdk/src/common/pico_util/pheap.c.obj
LOAD CMakeFiles/LCR_meter.dir/home/schuyler/pico/pico-sdk/src/common/pico_util/queue.c.obj
LOAD CMakeFiles/LCR_meter.dir/home/schuyler/pico/pico-sdk/src/rp2_common/hardware_uart/uart.c.obj
LOAD CMakeFiles/LCR_meter.dir/home/schuyler/pico/pico-sdk/src/rp2_common/hardware_clocks/clocks.c.obj
LOAD CMakeFiles/LCR_meter.dir/home/schuyler/pico/pico-sdk/src/rp2_common/hardware_pll/pll.c.obj
LOAD CMakeFiles/LCR_meter.dir/home/schuyler/pico/pico-sdk/src/rp2_common/hardware_vreg/vreg.c.obj
LOAD CMakeFiles/LCR_meter.dir/home/schuyler/pico/pico-sdk/src/rp2_common/hardware_watchdog/watchdog.c.obj
LOAD CMakeFiles/LCR_meter.dir/home/schuyler/pico/pico-sdk/src/rp2_common/hardware_xosc/xosc.c.obj
LOAD CMakeFiles/LCR_meter.dir/home/schuyler/pico/pico-sdk/src/rp2_common/hardware_divider/divider.S.obj
LOAD CMakeFiles/LCR_meter.dir/home/schuyler/pico/pico-sdk/src/rp2_common/pico_runtime/runtime.c.obj
LOAD CMakeFiles/LCR_meter.dir/home/schuyler/pico/pico-sdk/src/rp2_common/pico_printf/printf.c.obj
LOAD CMakeFiles/LCR_meter.dir/home/schuyler/pico/pico-sdk/src/rp2_common/pico_bit_ops/bit_ops_aeabi.S.obj
LOAD CMakeFiles/LCR_meter.dir/home/schuyler/pico/pico-sdk/src/rp2_common/pico_bootrom/bootrom.c.obj
LOAD CMakeFiles/LCR_meter.dir/home/schuyler/pico/pico-sdk/src/rp2_common/pico_divider/divider.S.obj
LOAD CMakeFiles/LCR_meter.dir/home/schuyler/pico/pico-sdk/src/rp2_common/pico_double/double_aeabi.S.obj
LOAD CMakeFiles/LCR_meter.dir/home/schuyler/pico/pico-sdk/src/rp2_common/pico_double/double_init_rom.c.obj
LOAD CMakeFiles/LCR_meter.dir/home/schuyler/pico/pico-sdk/src/rp2_common/pico_double/double_math.c.obj
LOAD CMakeFiles/LCR_meter.dir/home/schuyler/pico/pico-sdk/src/rp2_common/pico_double/double_v1_rom_shim.S.obj
LOAD CMakeFiles/LCR_meter.dir/home/schuyler/pico/pico-sdk/src/rp2_common/pico_int64_ops/pico_int64_ops_aeabi.S.obj
LOAD CMakeFiles/LCR_meter.dir/home/schuyler/pico/pico-sdk/src/rp2_common/pico_float/float_aeabi.S.obj
LOAD CMakeFiles/LCR_meter.dir/home/schuyler/pico/pico-sdk/src/rp2_common/pico_float/float_init_rom.c.obj
LOAD CMakeFiles/LCR_meter.dir/home/schuyler/pico/pico-sdk/src/rp2_common/pico_float/float_math.c.obj
LOAD CMakeFiles/LCR_meter.dir/home/schuyler/pico/pico-sdk/src/rp2_common/pico_float/float_v1_rom_shim.S.obj
LOAD CMakeFiles/LCR_meter.dir/home/schuyler/pico/pico-sdk/src/rp2_common/pico_malloc/pico_malloc.c.obj
LOAD CMakeFiles/LCR_meter.dir/home/schuyler/pico/pico-sdk/src/rp2_common/pico_mem_ops/mem_ops_aeabi.S.obj
LOAD CMakeFiles/LCR_meter.dir/home/schuyler/pico/pico-sdk/src/rp2_common/pico_standard_link/crt0.S.obj
LOAD CMakeFiles/LCR_meter.dir/home/schuyler/pico/pico-sdk/src/rp2_common/pico_standard_link/new_delete.cpp.obj
LOAD CMakeFiles/LCR_meter.dir/home/schuyler/pico/pico-sdk/src/rp2_common/pico_standard_link/binary_info.c.obj
LOAD CMakeFiles/LCR_meter.dir/home/schuyler/pico/pico-sdk/src/rp2_common/pico_stdio/stdio.c.obj
LOAD CMakeFiles/LCR_meter.dir/home/schuyler/pico/pico-sdk/src/rp2_common/pico_stdio_usb/reset_interface.c.obj
LOAD CMakeFiles/LCR_meter.dir/home/schuyler/pico/pico-sdk/src/rp2_common/pico_stdio_usb/stdio_usb.c.obj
LOAD CMakeFiles/LCR_meter.dir/home/schuyler/pico/pico-sdk/src/rp2_common/pico_stdio_usb/stdio_usb_descriptors.c.obj
LOAD CMakeFiles/LCR_meter.dir/home/schuyler/pico/pico-sdk/src/rp2_common/pico_unique_id/unique_id.c.obj
LOAD CMakeFiles/LCR_meter.dir/home/schuyler/pico/pico-sdk/src/rp2_common/hardware_flash/flash.c.obj
LOAD CMakeFiles/LCR_meter.dir/home/schuyler/pico/pico-sdk/lib/tinyusb/src/portable/raspberrypi/rp2040/dcd_rp2040.c.obj
LOAD CMakeFiles/LCR_meter.dir/home/schuyler/pico/pico-sdk/lib/tinyusb/src/portable/raspberrypi/rp2040/rp2040_usb.c.obj
LOAD CMakeFiles/LCR_meter.dir/home/schuyler/pico/pico-sdk/lib/tinyusb/src/device/usbd.c.obj
LOAD CMakeFiles/LCR_meter.dir/home/schuyler/pico/pico-sdk/lib/tinyusb/src/device/usbd_control.c.obj
LOAD CMakeFiles/LCR_meter.dir/home/schuyler/pico/pico-sdk/lib/tinyusb/src/class/audio/audio_device.c.obj
LOAD CMakeFiles/LCR_meter.dir/home/schuyler/pico/pico-sdk/lib/tinyusb/src/class/cdc/cdc_device.c.obj
LOAD CMakeFiles/LCR_meter.dir/home/schuyler/pico/pico-sdk/lib/tinyusb/src/class/dfu/dfu_device.c.obj
LOAD CMakeFiles/LCR_meter.dir/home/schuyler/pico/pico-sdk/lib/tinyusb/src/class/dfu/dfu_rt_device.c.obj
LOAD CMakeFiles/LCR_meter.dir/home/schuyler/pico/pico-sdk/lib/tinyusb/src/class/hid/hid_device.c.obj
LOAD CMakeFiles/LCR_meter.dir/home/schuyler/pico/pico-sdk/lib/tinyusb/src/class/midi/midi_device.c.obj
LOAD CMakeFiles/LCR_meter.dir/home/schuyler/pico/pico-sdk/lib/tinyusb/src/class/msc/msc_device.c.obj
LOAD CMakeFiles/LCR_meter.dir/home/schuyler/pico/pico-sdk/lib/tinyusb/src/class/net/ecm_rndis_device.c.obj
LOAD CMakeFiles/LCR_meter.dir/home/schuyler/pico/pico-sdk/lib/tinyusb/src/class/net/ncm_device.c.obj
LOAD CMakeFiles/LCR_meter.dir/home/schuyler/pico/pico-sdk/lib/tinyusb/src/class/usbtmc/usbtmc_device.c.obj
LOAD CMakeFiles/LCR_meter.dir/home/schuyler/pico/pico-sdk/lib/tinyusb/src/class/vendor/vendor_device.c.obj
LOAD CMakeFiles/LCR_meter.dir/home/schuyler/pico/pico-sdk/lib/tinyusb/src/class/video/video_device.c.obj
LOAD CMakeFiles/LCR_meter.dir/home/schuyler/pico/pico-sdk/lib/tinyusb/src/tusb.c.obj
LOAD CMakeFiles/LCR_meter.dir/home/schuyler/pico/pico-sdk/lib/tinyusb/src/common/tusb_fifo.c.obj
LOAD CMakeFiles/LCR_meter.dir/home/schuyler/pico/pico-sdk/src/rp2_common/pico_fix/rp2040_usb_device_enumeration/rp2040_usb_device_enumeration.c.obj
LOAD CMakeFiles/LCR_meter.dir/home/schuyler/pico/pico-sdk/src/rp2_common/hardware_adc/adc.c.obj
LOAD /tmp/cc1GQOlV.o
LOAD /usr/lib/gcc/arm-none-eabi/10.3.1/../../../arm-none-eabi/lib/thumb/v6-m/nofp/libstdc++.a
LOAD /usr/lib/gcc/arm-none-eabi/10.3.1/../../../arm-none-eabi/lib/thumb/v6-m/nofp/libm.a
START GROUP
LOAD /usr/lib/gcc/arm-none-eabi/10.3.1/thumb/v6-m/nofp/libgcc.a
LOAD /usr/lib/gcc/arm-none-eabi/10.3.1/../../../arm-none-eabi/lib/thumb/v6-m/nofp/libc.a
END GROUP
START GROUP
LOAD /usr/lib/gcc/arm-none-eabi/10.3.1/thumb/v6-m/nofp/libgcc.a
LOAD /usr/lib/gcc/arm-none-eabi/10.3.1/../../../arm-none-eabi/lib/thumb/v6-m/nofp/libc.a
LOAD /usr/lib/gcc/arm-none-eabi/10.3.1/../../../arm-none-eabi/lib/thumb/v6-m/nofp/libnosys.a
END GROUP
LOAD /usr/lib/gcc/arm-none-eabi/10.3.1/thumb/v6-m/nofp/crtend.o
LOAD /usr/lib/gcc/arm-none-eabi/10.3.1/thumb/v6-m/nofp/crtn.o
OUTPUT(LCR_meter.elf elf32-littlearm)
LOAD linker stubs

.ARM.attributes
                0x0000000000000000       0x28
 .ARM.attributes
                0x0000000000000000       0x1e /usr/lib/gcc/arm-none-eabi/10.3.1/thumb/v6-m/nofp/crti.o
 .ARM.attributes
                0x000000000000001e       0x2c /usr/lib/gcc/arm-none-eabi/10.3.1/thumb/v6-m/nofp/crtbegin.o
 .ARM.attributes
                0x000000000000004a       0x2c CMakeFiles/LCR_meter.dir/main.c.obj
 .ARM.attributes
                0x0000000000000076       0x2c CMakeFiles/LCR_meter.dir/home/schuyler/pico/pico-sdk/src/rp2_common/hardware_gpio/gpio.c.obj
 .ARM.attributes
                0x00000000000000a2       0x2c CMakeFiles/LCR_meter.dir/home/schuyler/pico/pico-sdk/src/rp2_common/pico_platform/platform.c.obj
 .ARM.attributes
                0x00000000000000ce       0x2c CMakeFiles/LCR_meter.dir/home/schuyler/pico/pico-sdk/src/rp2_common/hardware_claim/claim.c.obj
 .ARM.attributes
                0x00000000000000fa       0x2c CMakeFiles/LCR_meter.dir/home/schuyler/pico/pico-sdk/src/rp2_common/hardware_sync/sync.c.obj
 .ARM.attributes
                0x0000000000000126       0x2c CMakeFiles/LCR_meter.dir/home/schuyler/pico/pico-sdk/src/rp2_common/hardware_irq/irq.c.obj
 .ARM.attributes
                0x0000000000000152       0x22 CMakeFiles/LCR_meter.dir/home/schuyler/pico/pico-sdk/src/rp2_common/hardware_irq/irq_handler_chain.S.obj
 .ARM.attributes
                0x0000000000000174       0x2c CMakeFiles/LCR_meter.dir/home/schuyler/pico/pico-sdk/src/common/pico_sync/lock_core.c.obj
 .ARM.attributes
                0x00000000000001a0       0x2c CMakeFiles/LCR_meter.dir/home/schuyler/pico/pico-sdk/src/common/pico_sync/mutex.c.obj
 .ARM.attributes
                0x00000000000001cc       0x2c CMakeFiles/LCR_meter.dir/home/schuyler/pico/pico-sdk/src/common/pico_sync/critical_section.c.obj
 .ARM.attributes
                0x00000000000001f8       0x2c CMakeFiles/LCR_meter.dir/home/schuyler/pico/pico-sdk/src/common/pico_time/time.c.obj
 .ARM.attributes
                0x0000000000000224       0x2c CMakeFiles/LCR_meter.dir/home/schuyler/pico/pico-sdk/src/rp2_common/hardware_timer/timer.c.obj
 .ARM.attributes
                0x0000000000000250       0x2c CMakeFiles/LCR_meter.dir/home/schuyler/pico/pico-sdk/src/common/pico_util/pheap.c.obj
 .ARM.attributes
                0x000000000000027c       0x2c CMakeFiles/LCR_meter.dir/home/schuyler/pico/pico-sdk/src/rp2_common/hardware_clocks/clocks.c.obj
 .ARM.attributes
                0x00000000000002a8       0x2c CMakeFiles/LCR_meter.dir/home/schuyler/pico/pico-sdk/src/rp2_common/hardware_pll/pll.c.obj
 .ARM.attributes
                0x00000000000002d4       0x2c CMakeFiles/LCR_meter.dir/home/schuyler/pico/pico-sdk/src/rp2_common/hardware_watchdog/watchdog.c.obj
 .ARM.attributes
                0x0000000000000300       0x2c CMakeFiles/LCR_meter.dir/home/schuyler/pico/pico-sdk/src/rp2_common/hardware_xosc/xosc.c.obj
 .ARM.attributes
                0x000000000000032c       0x2c CMakeFiles/LCR_meter.dir/home/schuyler/pico/pico-sdk/src/rp2_common/pico_runtime/runtime.c.obj
 .ARM.attributes
                0x0000000000000358       0x2c CMakeFiles/LCR_meter.dir/home/schuyler/pico/pico-sdk/src/rp2_common/pico_printf/printf.c.obj
 .ARM.attributes
                0x0000000000000384       0x22 CMakeFiles/LCR_meter.dir/home/schuyler/pico/pico-sdk/src/rp2_common/pico_bit_ops/bit_ops_aeabi.S.obj
 .ARM.attributes
                0x00000000000003a6       0x2c CMakeFiles/LCR_meter.dir/home/schuyler/pico/pico-sdk/src/rp2_common/pico_bootrom/bootrom.c.obj
 .ARM.attributes
                0x00000000000003d2       0x22 CMakeFiles/LCR_meter.dir/home/schuyler/pico/pico-sdk/src/rp2_common/pico_divider/divider.S.obj
 .ARM.attributes
                0x00000000000003f4       0x22 CMakeFiles/LCR_meter.dir/home/schuyler/pico/pico-sdk/src/rp2_common/pico_double/double_aeabi.S.obj
 .ARM.attributes
                0x0000000000000416       0x2c CMakeFiles/LCR_meter.dir/home/schuyler/pico/pico-sdk/src/rp2_common/pico_double/double_init_rom.c.obj
 .ARM.attributes
                0x0000000000000442       0x22 CMakeFiles/LCR_meter.dir/home/schuyler/pico/pico-sdk/src/rp2_common/pico_double/double_v1_rom_shim.S.obj
 .ARM.attributes
                0x0000000000000464       0x22 CMakeFiles/LCR_meter.dir/home/schuyler/pico/pico-sdk/src/rp2_common/pico_int64_ops/pico_int64_ops_aeabi.S.obj
 .ARM.attributes
                0x0000000000000486       0x22 CMakeFiles/LCR_meter.dir/home/schuyler/pico/pico-sdk/src/rp2_common/pico_float/float_aeabi.S.obj
 .ARM.attributes
                0x00000000000004a8       0x2c CMakeFiles/LCR_meter.dir/home/schuyler/pico/pico-sdk/src/rp2_common/pico_float/float_init_rom.c.obj
 .ARM.attributes
                0x00000000000004d4       0x22 CMakeFiles/LCR_meter.dir/home/schuyler/pico/pico-sdk/src/rp2_common/pico_float/float_v1_rom_shim.S.obj
 .ARM.attributes
                0x00000000000004f6       0x22 CMakeFiles/LCR_meter.dir/home/schuyler/pico/pico-sdk/src/rp2_common/pico_mem_ops/mem_ops_aeabi.S.obj
 .ARM.attributes
                0x0000000000000518       0x22 CMakeFiles/LCR_meter.dir/home/schuyler/pico/pico-sdk/src/rp2_common/pico_standard_link/crt0.S.obj
 .ARM.attributes
                0x000000000000053a       0x32 CMakeFiles/LCR_meter.dir/home/schuyler/pico/pico-sdk/src/rp2_common/pico_standard_link/binary_info.c.obj
 .ARM.attributes
                0x000000000000056c       0x2c CMakeFiles/LCR_meter.dir/home/schuyler/pico/pico-sdk/src/rp2_common/pico_stdio/stdio.c.obj
 .ARM.attributes
                0x0000000000000598       0x2c CMakeFiles/LCR_meter.dir/home/schuyler/pico/pico-sdk/src/rp2_common/pico_stdio_usb/reset_interface.c.obj
 .ARM.attributes
                0x00000000000005c4       0x2c CMakeFiles/LCR_meter.dir/home/schuyler/pico/pico-sdk/src/rp2_common/pico_stdio_usb/stdio_usb.c.obj
 .ARM.attributes
                0x00000000000005f0       0x2c CMakeFiles/LCR_meter.dir/home/schuyler/pico/pico-sdk/src/rp2_common/pico_stdio_usb/stdio_usb_descriptors.c.obj
 .ARM.attributes
                0x000000000000061c       0x2c CMakeFiles/LCR_meter.dir/home/schuyler/pico/pico-sdk/src/rp2_common/pico_unique_id/unique_id.c.obj
 .ARM.attributes
                0x0000000000000648       0x2c CMakeFiles/LCR_meter.dir/home/schuyler/pico/pico-sdk/src/rp2_common/hardware_flash/flash.c.obj
 .ARM.attributes
                0x0000000000000674       0x2c CMakeFiles/LCR_meter.dir/home/schuyler/pico/pico-sdk/lib/tinyusb/src/portable/raspberrypi/rp2040/dcd_rp2040.c.obj
 .ARM.attributes